        region  len
0  Hippocampus  117
1      Caudate  154
2        DLPFC  112
        region primarydx  len
0  Hippocampus   Control   69
1        DLPFC   Control   69
2        DLPFC    Schizo   43
3  Hippocampus    Schizo   48
4      Caudate    Schizo   65
5      Caudate   Control   89
         region primarydx sex  len
0   Hippocampus   Control   F   29
1         DLPFC    Schizo   M   26
2       Caudate    Schizo   F   20
3   Hippocampus   Control   M   40
4   Hippocampus    Schizo   F   19
5         DLPFC    Schizo   F   17
6       Caudate   Control   M   55
7       Caudate    Schizo   M   45
8       Caudate   Control   F   34
9         DLPFC   Control   M   40
10  Hippocampus    Schizo   M   29
11        DLPFC   Control   F   29
Mean:
        region   Age_mean
0        DLPFC  49.112321
1  Hippocampus  49.744359
2      Caudate  49.753117
Standard deviation
        region   Age_mean
0      Caudate  13.794534
1        DLPFC  13.867598
2  Hippocampus  14.059149
