*********************************************************************
* LD Score Regression (LDSC)
* Version 1.0.1
* (C) 2014-2019 Brendan Bulik-Sullivan and Hilary Finucane
* Broad Institute of MIT and Harvard / MIT Department of Mathematics
* GNU General Public License v3
*********************************************************************
Call: 
./ldsc.py \
--out ./custom_ldscores/dlpfc/non_heritable_hg19/dlpfc_non_heritable_hg19.6 \
--bfile /ocean/projects/bio250020p/shared/resources/ldsc/1000G_EUR_Phase3_plink/1000G.EUR.QC.6 \
--l2  \
--ld-wind-cm 1.0 \
--print-snps /ocean/projects/bio250020p/shared/resources/ldsc/w_hm3.snplist \
--annot ./custom_ldscores/dlpfc/non_heritable_hg19/dlpfc_non_heritable_hg19.6.annot.gz \
--thin-annot  

Beginning analysis at Mon Feb  2 23:17:39 2026
Read list of 664016 SNPs from /ocean/projects/bio250020p/shared/resources/ldsc/1000G_EUR_Phase3_plink/1000G.EUR.QC.6.bim
Read 1 annotations for 664016 SNPs from ./custom_ldscores/dlpfc/non_heritable_hg19/dlpfc_non_heritable_hg19.6.annot.gz
Read list of 489 individuals from /ocean/projects/bio250020p/shared/resources/ldsc/1000G_EUR_Phase3_plink/1000G.EUR.QC.6.fam
Reading genotypes from /ocean/projects/bio250020p/shared/resources/ldsc/1000G_EUR_Phase3_plink/1000G.EUR.QC.6.bed
Estimating LD Score.
Reading list of 1190322 SNPs for which to print LD Scores from /ocean/projects/bio250020p/shared/resources/ldsc/w_hm3.snplist
Analysis finished at Mon Feb  2 23:19:57 2026
Total time elapsed: 2.0m:18.27000000000001s
