*********************************************************************
* LD Score Regression (LDSC)
* Version 1.0.1
* (C) 2014-2019 Brendan Bulik-Sullivan and Hilary Finucane
* Broad Institute of MIT and Harvard / MIT Department of Mathematics
* GNU General Public License v3
*********************************************************************
Call: 
./ldsc.py \
--out ./custom_ldscores/hippocampus/hippocampus.20 \
--bfile /projects/b1213/resources/ldsc/1000G_EUR_Phase3_plink/1000G.EUR.QC.20 \
--l2  \
--ld-wind-cm 1.0 \
--print-snps /projects/b1213/resources/ldsc/hm3_no_MHC.list.txt \
--annot ./custom_ldscores/hippocampus/hippocampus.20.annot.gz \
--thin-annot  

Beginning analysis at Sun Apr 26 21:44:10 2026
Read list of 221626 SNPs from /projects/b1213/resources/ldsc/1000G_EUR_Phase3_plink/1000G.EUR.QC.20.bim
Read 5 annotations for 221626 SNPs from ./custom_ldscores/hippocampus/hippocampus.20.annot.gz
Read list of 489 individuals from /projects/b1213/resources/ldsc/1000G_EUR_Phase3_plink/1000G.EUR.QC.20.fam
Reading genotypes from /projects/b1213/resources/ldsc/1000G_EUR_Phase3_plink/1000G.EUR.QC.20.bed
Estimating LD Score.
Reading list of 1217311 SNPs for which to print LD Scores from /projects/b1213/resources/ldsc/hm3_no_MHC.list.txt
After merging with --print-snps, LD Scores for 31101 SNPs will be printed.
Writing LD Scores for 31101 SNPs to ./custom_ldscores/hippocampus/hippocampus.20.l2.ldscore.gz

Summary of LD Scores in ./custom_ldscores/hippocampus/hippocampus.20.l2.ldscore.gz
         MAF  ANNOT_Q1L2  ANNOT_Q2L2  ANNOT_Q3L2  ANNOT_Q4L2  ANNOT_Q5L2
mean  0.2344      0.0407      0.0284      0.0469      0.0613      0.0550
std   0.1427      0.3103      0.1796      0.3347      0.3506      0.2862
min   0.0051     -0.0350     -0.0238     -0.0331     -0.0484     -0.0299
25%   0.1074      0.0000      0.0000      0.0000      0.0000      0.0000
50%   0.2229      0.0000      0.0000      0.0000      0.0000      0.0000
75%   0.3558      0.0000      0.0000      0.0000      0.0010      0.0043
max   0.5000      5.8672      6.3827      9.2587      5.6389      7.0794

MAF/LD Score Correlation Matrix
               MAF  ANNOT_Q1L2  ANNOT_Q2L2  ANNOT_Q3L2  ANNOT_Q4L2  ANNOT_Q5L2
MAF         1.0000      0.0697      0.0569      0.0368      0.0357      0.0357
ANNOT_Q1L2  0.0697      1.0000      0.1790      0.0026      0.5077     -0.0150
ANNOT_Q2L2  0.0569      0.1790      1.0000      0.0672      0.1852      0.0124
ANNOT_Q3L2  0.0368      0.0026      0.0672      1.0000      0.1064      0.1593
ANNOT_Q4L2  0.0357      0.5077      0.1852      0.1064      1.0000      0.3414
ANNOT_Q5L2  0.0357     -0.0150      0.0124      0.1593      0.3414      1.0000

LD Score Matrix Condition Number
2.481328512703257

Annotation Correlation Matrix
          ANNOT_Q1  ANNOT_Q2  ANNOT_Q3  ANNOT_Q4  ANNOT_Q5
ANNOT_Q1    1.0000   -0.0003   -0.0004   -0.0004   -0.0004
ANNOT_Q2   -0.0003    1.0000   -0.0004   -0.0004   -0.0005
ANNOT_Q3   -0.0004   -0.0004    1.0000   -0.0005   -0.0005
ANNOT_Q4   -0.0004   -0.0004   -0.0005    1.0000   -0.0006
ANNOT_Q5   -0.0004   -0.0005   -0.0005   -0.0006    1.0000

Annotation Matrix Column Sums
ANNOT_Q1     70
ANNOT_Q2     79
ANNOT_Q3     91
ANNOT_Q4    123
ANNOT_Q5    126

Summary of Annotation Matrix Row Sums
count    221626.0000
mean          0.0022
std           0.0469
min           0.0000
25%           0.0000
50%           0.0000
75%           0.0000
max           1.0000
Analysis finished at Sun Apr 26 21:45:00 2026
Total time elapsed: 50.18s
