*********************************************************************
* LD Score Regression (LDSC)
* Version 1.0.1
* (C) 2014-2019 Brendan Bulik-Sullivan and Hilary Finucane
* Broad Institute of MIT and Harvard / MIT Department of Mathematics
* GNU General Public License v3
*********************************************************************
Call: 
./ldsc.py \
--out ./custom_ldscores/hippocampus/hippocampus.11 \
--bfile /projects/b1213/resources/ldsc/1000G_EUR_Phase3_plink/1000G.EUR.QC.11 \
--l2  \
--ld-wind-cm 1.0 \
--print-snps /projects/b1213/resources/ldsc/hm3_no_MHC.list.txt \
--annot ./custom_ldscores/hippocampus/hippocampus.11.annot.gz \
--thin-annot  

Beginning analysis at Sun Apr 26 21:48:39 2026
Read list of 493922 SNPs from /projects/b1213/resources/ldsc/1000G_EUR_Phase3_plink/1000G.EUR.QC.11.bim
Read 5 annotations for 493922 SNPs from ./custom_ldscores/hippocampus/hippocampus.11.annot.gz
Read list of 489 individuals from /projects/b1213/resources/ldsc/1000G_EUR_Phase3_plink/1000G.EUR.QC.11.fam
Reading genotypes from /projects/b1213/resources/ldsc/1000G_EUR_Phase3_plink/1000G.EUR.QC.11.bed
Estimating LD Score.
Reading list of 1217311 SNPs for which to print LD Scores from /projects/b1213/resources/ldsc/hm3_no_MHC.list.txt
After merging with --print-snps, LD Scores for 60977 SNPs will be printed.
Writing LD Scores for 60977 SNPs to ./custom_ldscores/hippocampus/hippocampus.11.l2.ldscore.gz

Summary of LD Scores in ./custom_ldscores/hippocampus/hippocampus.11.l2.ldscore.gz
         MAF  ANNOT_Q1L2  ANNOT_Q2L2  ANNOT_Q3L2  ANNOT_Q4L2  ANNOT_Q5L2
mean  0.2398      0.0480      0.0397      0.0565      0.0445      0.1399
std   0.1420      0.2664      0.2161      0.2347      0.2482      0.6297
min   0.0051     -0.0425     -0.0434     -0.0332     -0.0416     -0.0409
25%   0.1155      0.0000      0.0000      0.0000      0.0000      0.0000
50%   0.2301      0.0000      0.0000      0.0000      0.0000      0.0000
75%   0.3609      0.0022      0.0036      0.0068      0.0076      0.0198
max   0.5000     11.0474      6.0091      4.2940     12.7232     12.8342

MAF/LD Score Correlation Matrix
               MAF  ANNOT_Q1L2  ANNOT_Q2L2  ANNOT_Q3L2  ANNOT_Q4L2  ANNOT_Q5L2
MAF         1.0000      0.0013      0.0064      0.0344      0.0159     -0.0168
ANNOT_Q1L2  0.0013      1.0000      0.1314      0.1861      0.0133      0.0879
ANNOT_Q2L2  0.0064      0.1314      1.0000      0.0740      0.0201     -0.0009
ANNOT_Q3L2  0.0344      0.1861      0.0740      1.0000      0.0949      0.2345
ANNOT_Q4L2  0.0159      0.0133      0.0201      0.0949      1.0000     -0.0137
ANNOT_Q5L2 -0.0168      0.0879     -0.0009      0.2345     -0.0137      1.0000

LD Score Matrix Condition Number
3.0798165182948707

Annotation Correlation Matrix
          ANNOT_Q1  ANNOT_Q2  ANNOT_Q3  ANNOT_Q4  ANNOT_Q5
ANNOT_Q1    1.0000   -0.0004   -0.0004   -0.0004   -0.0006
ANNOT_Q2   -0.0004    1.0000   -0.0004   -0.0005   -0.0006
ANNOT_Q3   -0.0004   -0.0004    1.0000   -0.0004   -0.0005
ANNOT_Q4   -0.0004   -0.0005   -0.0004    1.0000   -0.0006
ANNOT_Q5   -0.0006   -0.0006   -0.0005   -0.0006    1.0000

Annotation Matrix Column Sums
ANNOT_Q1    197
ANNOT_Q2    227
ANNOT_Q3    188
ANNOT_Q4    226
ANNOT_Q5    378

Summary of Annotation Matrix Row Sums
count    493922.0000
mean          0.0025
std           0.0496
min           0.0000
25%           0.0000
50%           0.0000
75%           0.0000
max           1.0000
Analysis finished at Sun Apr 26 21:51:40 2026
Total time elapsed: 3.0m:0.6899999999999977s
