*********************************************************************
* LD Score Regression (LDSC)
* Version 1.0.1
* (C) 2014-2019 Brendan Bulik-Sullivan and Hilary Finucane
* Broad Institute of MIT and Harvard / MIT Department of Mathematics
* GNU General Public License v3
*********************************************************************
Call: 
./ldsc.py \
--out ./custom_ldscores/hippocampus/hippocampus.12 \
--bfile /projects/b1213/resources/ldsc/1000G_EUR_Phase3_plink/1000G.EUR.QC.12 \
--l2  \
--ld-wind-cm 1.0 \
--print-snps /projects/b1213/resources/ldsc/hm3_no_MHC.list.txt \
--annot ./custom_ldscores/hippocampus/hippocampus.12.annot.gz \
--thin-annot  

Beginning analysis at Sun Apr 26 21:46:10 2026
Read list of 480110 SNPs from /projects/b1213/resources/ldsc/1000G_EUR_Phase3_plink/1000G.EUR.QC.12.bim
Read 5 annotations for 480110 SNPs from ./custom_ldscores/hippocampus/hippocampus.12.annot.gz
Read list of 489 individuals from /projects/b1213/resources/ldsc/1000G_EUR_Phase3_plink/1000G.EUR.QC.12.fam
Reading genotypes from /projects/b1213/resources/ldsc/1000G_EUR_Phase3_plink/1000G.EUR.QC.12.bed
Estimating LD Score.
Reading list of 1217311 SNPs for which to print LD Scores from /projects/b1213/resources/ldsc/hm3_no_MHC.list.txt
After merging with --print-snps, LD Scores for 58543 SNPs will be printed.
Writing LD Scores for 58543 SNPs to ./custom_ldscores/hippocampus/hippocampus.12.l2.ldscore.gz

Summary of LD Scores in ./custom_ldscores/hippocampus/hippocampus.12.l2.ldscore.gz
         MAF  ANNOT_Q1L2  ANNOT_Q2L2  ANNOT_Q3L2  ANNOT_Q4L2  ANNOT_Q5L2
mean  0.2334      0.0611      0.0486      0.0374      0.0697      0.0893
std   0.1429      0.2924      0.3407      0.2670      0.3029      0.4580
min   0.0051     -0.0308     -0.0619     -0.0384     -0.0290     -0.1055
25%   0.1084      0.0000      0.0000      0.0000      0.0000      0.0000
50%   0.2209      0.0000      0.0000      0.0000      0.0000      0.0000
75%   0.3558      0.0051      0.0021      0.0020      0.0154      0.0126
max   0.5000      6.0250     18.4123      8.6969      9.5085     11.3992

MAF/LD Score Correlation Matrix
               MAF  ANNOT_Q1L2  ANNOT_Q2L2  ANNOT_Q3L2  ANNOT_Q4L2  ANNOT_Q5L2
MAF         1.0000      0.0248      0.0052      0.0005      0.0360      0.0458
ANNOT_Q1L2  0.0248      1.0000      0.1192      0.0424      0.1039      0.0438
ANNOT_Q2L2  0.0052      0.1192      1.0000      0.1632      0.1190      0.0244
ANNOT_Q3L2  0.0005      0.0424      0.1632      1.0000      0.0180      0.0234
ANNOT_Q4L2  0.0360      0.1039      0.1190      0.0180      1.0000      0.1211
ANNOT_Q5L2  0.0458      0.0438      0.0244      0.0234      0.1211      1.0000

LD Score Matrix Condition Number
1.8341894392647144

Annotation Correlation Matrix
          ANNOT_Q1  ANNOT_Q2  ANNOT_Q3  ANNOT_Q4  ANNOT_Q5
ANNOT_Q1    1.0000   -0.0005   -0.0004   -0.0005   -0.0006
ANNOT_Q2   -0.0005    1.0000   -0.0004   -0.0005   -0.0006
ANNOT_Q3   -0.0004   -0.0004    1.0000   -0.0005   -0.0006
ANNOT_Q4   -0.0005   -0.0005   -0.0005    1.0000   -0.0007
ANNOT_Q5   -0.0006   -0.0006   -0.0006   -0.0007    1.0000

Annotation Matrix Column Sums
ANNOT_Q1    228
ANNOT_Q2    226
ANNOT_Q3    203
ANNOT_Q4    294
ANNOT_Q5    393

Summary of Annotation Matrix Row Sums
count    480110.0000
mean          0.0028
std           0.0528
min           0.0000
25%           0.0000
50%           0.0000
75%           0.0000
max           1.0000
Analysis finished at Sun Apr 26 21:47:55 2026
Total time elapsed: 1.0m:45.06s
