*********************************************************************
* LD Score Regression (LDSC)
* Version 1.0.1
* (C) 2014-2019 Brendan Bulik-Sullivan and Hilary Finucane
* Broad Institute of MIT and Harvard / MIT Department of Mathematics
* GNU General Public License v3
*********************************************************************
Call: 
./ldsc.py \
--out ./custom_ldscores/hippocampus/hippocampus.9 \
--bfile /projects/b1213/resources/ldsc/1000G_EUR_Phase3_plink/1000G.EUR.QC.9 \
--l2  \
--ld-wind-cm 1.0 \
--print-snps /projects/b1213/resources/ldsc/hm3_no_MHC.list.txt \
--annot ./custom_ldscores/hippocampus/hippocampus.9.annot.gz \
--thin-annot  

Beginning analysis at Sun Apr 26 21:46:12 2026
Read list of 438106 SNPs from /projects/b1213/resources/ldsc/1000G_EUR_Phase3_plink/1000G.EUR.QC.9.bim
Read 5 annotations for 438106 SNPs from ./custom_ldscores/hippocampus/hippocampus.9.annot.gz
Read list of 489 individuals from /projects/b1213/resources/ldsc/1000G_EUR_Phase3_plink/1000G.EUR.QC.9.fam
Reading genotypes from /projects/b1213/resources/ldsc/1000G_EUR_Phase3_plink/1000G.EUR.QC.9.bed
Estimating LD Score.
Reading list of 1217311 SNPs for which to print LD Scores from /projects/b1213/resources/ldsc/hm3_no_MHC.list.txt
After merging with --print-snps, LD Scores for 55464 SNPs will be printed.
Writing LD Scores for 55464 SNPs to ./custom_ldscores/hippocampus/hippocampus.9.l2.ldscore.gz

Summary of LD Scores in ./custom_ldscores/hippocampus/hippocampus.9.l2.ldscore.gz
         MAF  ANNOT_Q1L2  ANNOT_Q2L2  ANNOT_Q3L2  ANNOT_Q4L2  ANNOT_Q5L2
mean  0.2359      0.0600      0.0451      0.0480      0.0368      0.0619
std   0.1423      0.3226      0.2616      0.2601      0.2204      0.3341
min   0.0051     -0.0419     -0.0331     -0.0357     -0.0304     -0.0386
25%   0.1115      0.0000      0.0000      0.0000      0.0000      0.0000
50%   0.2249      0.0000      0.0000      0.0000      0.0000      0.0000
75%   0.3569      0.0008      0.0033      0.0068      0.0023      0.0080
max   0.5000      9.7173      8.1445      6.9544      5.9935     12.0513

MAF/LD Score Correlation Matrix
               MAF  ANNOT_Q1L2  ANNOT_Q2L2  ANNOT_Q3L2  ANNOT_Q4L2  ANNOT_Q5L2
MAF         1.0000      0.0270      0.0015     -0.0064      0.0284      0.0289
ANNOT_Q1L2  0.0270      1.0000      0.0795      0.2151      0.1054      0.0676
ANNOT_Q2L2  0.0015      0.0795      1.0000      0.0286      0.0582      0.0030
ANNOT_Q3L2 -0.0064      0.2151      0.0286      1.0000      0.1254      0.0228
ANNOT_Q4L2  0.0284      0.1054      0.0582      0.1254      1.0000      0.0244
ANNOT_Q5L2  0.0289      0.0676      0.0030      0.0228      0.0244      1.0000

LD Score Matrix Condition Number
1.6933136796594066

Annotation Correlation Matrix
          ANNOT_Q1  ANNOT_Q2  ANNOT_Q3  ANNOT_Q4  ANNOT_Q5
ANNOT_Q1    1.0000   -0.0005   -0.0005   -0.0005   -0.0006
ANNOT_Q2   -0.0005    1.0000   -0.0004   -0.0004   -0.0005
ANNOT_Q3   -0.0005   -0.0004    1.0000   -0.0004   -0.0006
ANNOT_Q4   -0.0005   -0.0004   -0.0004    1.0000   -0.0005
ANNOT_Q5   -0.0006   -0.0005   -0.0006   -0.0005    1.0000

Annotation Matrix Column Sums
ANNOT_Q1    224
ANNOT_Q2    188
ANNOT_Q3    202
ANNOT_Q4    174
ANNOT_Q5    292

Summary of Annotation Matrix Row Sums
count    438106.0000
mean          0.0025
std           0.0496
min           0.0000
25%           0.0000
50%           0.0000
75%           0.0000
max           1.0000
Analysis finished at Sun Apr 26 21:48:08 2026
Total time elapsed: 1.0m:55.81999999999999s
