*********************************************************************
* LD Score Regression (LDSC)
* Version 1.0.1
* (C) 2014-2019 Brendan Bulik-Sullivan and Hilary Finucane
* Broad Institute of MIT and Harvard / MIT Department of Mathematics
* GNU General Public License v3
*********************************************************************
Call: 
./ldsc.py \
--out ./custom_ldscores/caudate/low_prediction_hg19/caudate_low_prediction_hg19.16 \
--bfile /ocean/projects/bio250020p/shared/resources/ldsc/1000G_EUR_Phase3_plink/1000G.EUR.QC.16 \
--l2  \
--ld-wind-cm 1.0 \
--print-snps /ocean/projects/bio250020p/shared/resources/ldsc/w_hm3.snplist \
--annot ./custom_ldscores/caudate/low_prediction_hg19/caudate_low_prediction_hg19.16.annot.gz \
--thin-annot  

Beginning analysis at Mon Feb  2 23:11:44 2026
Read list of 316981 SNPs from /ocean/projects/bio250020p/shared/resources/ldsc/1000G_EUR_Phase3_plink/1000G.EUR.QC.16.bim
Read 1 annotations for 316981 SNPs from ./custom_ldscores/caudate/low_prediction_hg19/caudate_low_prediction_hg19.16.annot.gz
Read list of 489 individuals from /ocean/projects/bio250020p/shared/resources/ldsc/1000G_EUR_Phase3_plink/1000G.EUR.QC.16.fam
Reading genotypes from /ocean/projects/bio250020p/shared/resources/ldsc/1000G_EUR_Phase3_plink/1000G.EUR.QC.16.bed
Estimating LD Score.
Reading list of 1190322 SNPs for which to print LD Scores from /ocean/projects/bio250020p/shared/resources/ldsc/w_hm3.snplist
Analysis finished at Mon Feb  2 23:12:27 2026
Total time elapsed: 42.92s
