*********************************************************************
* LD Score Regression (LDSC)
* Version 1.0.1
* (C) 2014-2019 Brendan Bulik-Sullivan and Hilary Finucane
* Broad Institute of MIT and Harvard / MIT Department of Mathematics
* GNU General Public License v3
*********************************************************************
Call: 
./ldsc.py \
--out ./custom_ldscores/dlpfc/dlpfc.21 \
--bfile /projects/b1213/resources/ldsc/1000G_EUR_Phase3_plink/1000G.EUR.QC.21 \
--l2  \
--ld-wind-cm 1.0 \
--print-snps /projects/b1213/resources/ldsc/hm3_no_MHC.list.txt \
--annot ./custom_ldscores/dlpfc/dlpfc.21.annot.gz \
--thin-annot  

Beginning analysis at Sun Apr 26 21:42:58 2026
Read list of 138712 SNPs from /projects/b1213/resources/ldsc/1000G_EUR_Phase3_plink/1000G.EUR.QC.21.bim
Read 5 annotations for 138712 SNPs from ./custom_ldscores/dlpfc/dlpfc.21.annot.gz
Read list of 489 individuals from /projects/b1213/resources/ldsc/1000G_EUR_Phase3_plink/1000G.EUR.QC.21.fam
Reading genotypes from /projects/b1213/resources/ldsc/1000G_EUR_Phase3_plink/1000G.EUR.QC.21.bed
Estimating LD Score.
Reading list of 1217311 SNPs for which to print LD Scores from /projects/b1213/resources/ldsc/hm3_no_MHC.list.txt
After merging with --print-snps, LD Scores for 17040 SNPs will be printed.
Writing LD Scores for 17040 SNPs to ./custom_ldscores/dlpfc/dlpfc.21.l2.ldscore.gz

Summary of LD Scores in ./custom_ldscores/dlpfc/dlpfc.21.l2.ldscore.gz
         MAF  ANNOT_Q1L2  ANNOT_Q2L2  ANNOT_Q3L2  ANNOT_Q4L2  ANNOT_Q5L2
mean  0.2420      0.0209      0.0408      0.0100      0.0142      0.0465
std   0.1414      0.1371      0.2130      0.0847      0.0889      0.2591
min   0.0051     -0.0283     -0.0212     -0.0136     -0.0094     -0.0462
25%   0.1186      0.0000      0.0000      0.0000      0.0000      0.0000
50%   0.2321      0.0000      0.0000      0.0000      0.0000      0.0000
75%   0.3650      0.0000      0.0007      0.0000      0.0000      0.0000
max   0.5000      2.6316      3.1719      2.2245      1.7855      5.8425

MAF/LD Score Correlation Matrix
               MAF  ANNOT_Q1L2  ANNOT_Q2L2  ANNOT_Q3L2  ANNOT_Q4L2  ANNOT_Q5L2
MAF         1.0000     -0.0013      0.0679      0.0188      0.0548      0.0514
ANNOT_Q1L2 -0.0013      1.0000     -0.0145     -0.0159     -0.0119     -0.0237
ANNOT_Q2L2  0.0679     -0.0145      1.0000     -0.0087      0.0469      0.2206
ANNOT_Q3L2  0.0188     -0.0159     -0.0087      1.0000      0.1531     -0.0123
ANNOT_Q4L2  0.0548     -0.0119      0.0469      0.1531      1.0000      0.0076
ANNOT_Q5L2  0.0514     -0.0237      0.2206     -0.0123      0.0076      1.0000

LD Score Matrix Condition Number
3.470473924421948

Annotation Correlation Matrix
          ANNOT_Q1  ANNOT_Q2  ANNOT_Q3  ANNOT_Q4  ANNOT_Q5
ANNOT_Q1    1.0000   -0.0004   -0.0002   -0.0002   -0.0005
ANNOT_Q2   -0.0004    1.0000   -0.0003   -0.0003   -0.0006
ANNOT_Q3   -0.0002   -0.0003    1.0000   -0.0002   -0.0004
ANNOT_Q4   -0.0002   -0.0003   -0.0002    1.0000   -0.0004
ANNOT_Q5   -0.0005   -0.0006   -0.0004   -0.0004    1.0000

Annotation Matrix Column Sums
ANNOT_Q1     40
ANNOT_Q2     62
ANNOT_Q3     26
ANNOT_Q4     24
ANNOT_Q5    114

Summary of Annotation Matrix Row Sums
count    138712.0000
mean          0.0019
std           0.0437
min           0.0000
25%           0.0000
50%           0.0000
75%           0.0000
max           1.0000
Analysis finished at Sun Apr 26 21:43:25 2026
Total time elapsed: 26.55s
