*********************************************************************
* LD Score Regression (LDSC)
* Version 1.0.1
* (C) 2014-2019 Brendan Bulik-Sullivan and Hilary Finucane
* Broad Institute of MIT and Harvard / MIT Department of Mathematics
* GNU General Public License v3
*********************************************************************
Call: 
./ldsc.py \
--out ./custom_ldscores/dlpfc/dlpfc.14 \
--bfile /projects/b1213/resources/ldsc/1000G_EUR_Phase3_plink/1000G.EUR.QC.14 \
--l2  \
--ld-wind-cm 1.0 \
--print-snps /projects/b1213/resources/ldsc/hm3_no_MHC.list.txt \
--annot ./custom_ldscores/dlpfc/dlpfc.14.annot.gz \
--thin-annot  

Beginning analysis at Sun Apr 26 21:44:14 2026
Read list of 324698 SNPs from /projects/b1213/resources/ldsc/1000G_EUR_Phase3_plink/1000G.EUR.QC.14.bim
Read 5 annotations for 324698 SNPs from ./custom_ldscores/dlpfc/dlpfc.14.annot.gz
Read list of 489 individuals from /projects/b1213/resources/ldsc/1000G_EUR_Phase3_plink/1000G.EUR.QC.14.fam
Reading genotypes from /projects/b1213/resources/ldsc/1000G_EUR_Phase3_plink/1000G.EUR.QC.14.bed
Estimating LD Score.
Reading list of 1217311 SNPs for which to print LD Scores from /projects/b1213/resources/ldsc/hm3_no_MHC.list.txt
After merging with --print-snps, LD Scores for 39484 SNPs will be printed.
Writing LD Scores for 39484 SNPs to ./custom_ldscores/dlpfc/dlpfc.14.l2.ldscore.gz

Summary of LD Scores in ./custom_ldscores/dlpfc/dlpfc.14.l2.ldscore.gz
         MAF  ANNOT_Q1L2  ANNOT_Q2L2  ANNOT_Q3L2  ANNOT_Q4L2  ANNOT_Q5L2
mean  0.2321      0.0428      0.0520      0.0531      0.0643      0.0718
std   0.1424      0.2208      0.2532      0.2586      0.2988      0.2936
min   0.0051     -0.0286     -0.0307     -0.0299     -0.0374     -0.0337
25%   0.1074      0.0000      0.0000      0.0000      0.0000      0.0000
50%   0.2198      0.0000      0.0000      0.0000      0.0000      0.0000
75%   0.3507      0.0034      0.0077      0.0036      0.0045      0.0180
max   0.5000      4.8234      6.6461      3.8152      5.1820      6.7881

MAF/LD Score Correlation Matrix
               MAF  ANNOT_Q1L2  ANNOT_Q2L2  ANNOT_Q3L2  ANNOT_Q4L2  ANNOT_Q5L2
MAF         1.0000      0.0368      0.0394     -0.0473     -0.0246     -0.0101
ANNOT_Q1L2  0.0368      1.0000      0.1907      0.0269      0.0458     -0.0020
ANNOT_Q2L2  0.0394      0.1907      1.0000      0.0461      0.0957      0.0305
ANNOT_Q3L2 -0.0473      0.0269      0.0461      1.0000      0.5784      0.1703
ANNOT_Q4L2 -0.0246      0.0458      0.0957      0.5784      1.0000      0.1167
ANNOT_Q5L2 -0.0101     -0.0020      0.0305      0.1703      0.1167      1.0000

LD Score Matrix Condition Number
2.1377763485611547

Annotation Correlation Matrix
          ANNOT_Q1  ANNOT_Q2  ANNOT_Q3  ANNOT_Q4  ANNOT_Q5
ANNOT_Q1    1.0000   -0.0005   -0.0005   -0.0005   -0.0006
ANNOT_Q2   -0.0005    1.0000   -0.0005   -0.0006   -0.0006
ANNOT_Q3   -0.0005   -0.0005    1.0000   -0.0005   -0.0006
ANNOT_Q4   -0.0005   -0.0006   -0.0005    1.0000   -0.0006
ANNOT_Q5   -0.0006   -0.0006   -0.0006   -0.0006    1.0000

Annotation Matrix Column Sums
ANNOT_Q1    145
ANNOT_Q2    177
ANNOT_Q3    151
ANNOT_Q4    195
ANNOT_Q5    221

Summary of Annotation Matrix Row Sums
count    324698.0000
mean          0.0027
std           0.0523
min           0.0000
25%           0.0000
50%           0.0000
75%           0.0000
max           1.0000
Analysis finished at Sun Apr 26 21:45:51 2026
Total time elapsed: 1.0m:36.620000000000005s
