*********************************************************************
* LD Score Regression (LDSC)
* Version 1.0.1
* (C) 2014-2019 Brendan Bulik-Sullivan and Hilary Finucane
* Broad Institute of MIT and Harvard / MIT Department of Mathematics
* GNU General Public License v3
*********************************************************************
Call: 
./ldsc.py \
--out ./custom_ldscores/dlpfc/dlpfc.8 \
--bfile /projects/b1213/resources/ldsc/1000G_EUR_Phase3_plink/1000G.EUR.QC.8 \
--l2  \
--ld-wind-cm 1.0 \
--print-snps /projects/b1213/resources/ldsc/hm3_no_MHC.list.txt \
--annot ./custom_ldscores/dlpfc/dlpfc.8.annot.gz \
--thin-annot  

Beginning analysis at Sun Apr 26 21:45:42 2026
Read list of 549971 SNPs from /projects/b1213/resources/ldsc/1000G_EUR_Phase3_plink/1000G.EUR.QC.8.bim
Read 5 annotations for 549971 SNPs from ./custom_ldscores/dlpfc/dlpfc.8.annot.gz
Read list of 489 individuals from /projects/b1213/resources/ldsc/1000G_EUR_Phase3_plink/1000G.EUR.QC.8.fam
Reading genotypes from /projects/b1213/resources/ldsc/1000G_EUR_Phase3_plink/1000G.EUR.QC.8.bed
Estimating LD Score.
Reading list of 1217311 SNPs for which to print LD Scores from /projects/b1213/resources/ldsc/hm3_no_MHC.list.txt
After merging with --print-snps, LD Scores for 64975 SNPs will be printed.
Writing LD Scores for 64975 SNPs to ./custom_ldscores/dlpfc/dlpfc.8.l2.ldscore.gz

Summary of LD Scores in ./custom_ldscores/dlpfc/dlpfc.8.l2.ldscore.gz
         MAF  ANNOT_Q1L2  ANNOT_Q2L2  ANNOT_Q3L2  ANNOT_Q4L2  ANNOT_Q5L2
mean  0.2380      0.0658      0.0730      0.0538      0.0637      0.0652
std   0.1431      0.3466      0.4051      0.3367      0.3320      0.3133
min   0.0051     -0.0427     -0.0500     -0.0371     -0.0414     -0.0337
25%   0.1115      0.0000      0.0000      0.0000      0.0000      0.0000
50%   0.2280      0.0000      0.0000      0.0000      0.0000      0.0000
75%   0.3609      0.0067      0.0083      0.0069      0.0081      0.0129
max   0.5000     11.8305     13.4329      8.2426     11.8824      9.3915

MAF/LD Score Correlation Matrix
               MAF  ANNOT_Q1L2  ANNOT_Q2L2  ANNOT_Q3L2  ANNOT_Q4L2  ANNOT_Q5L2
MAF         1.0000      0.0340      0.0327      0.0342      0.0319      0.0448
ANNOT_Q1L2  0.0340      1.0000      0.1062      0.2487      0.0581     -0.0013
ANNOT_Q2L2  0.0327      0.1062      1.0000      0.0095      0.0802      0.0786
ANNOT_Q3L2  0.0342      0.2487      0.0095      1.0000      0.2335      0.0016
ANNOT_Q4L2  0.0319      0.0581      0.0802      0.2335      1.0000      0.0483
ANNOT_Q5L2  0.0448     -0.0013      0.0786      0.0016      0.0483      1.0000

LD Score Matrix Condition Number
1.5933788476679636

Annotation Correlation Matrix
          ANNOT_Q1  ANNOT_Q2  ANNOT_Q3  ANNOT_Q4  ANNOT_Q5
ANNOT_Q1    1.0000   -0.0005   -0.0005   -0.0005   -0.0006
ANNOT_Q2   -0.0005    1.0000   -0.0005   -0.0005   -0.0006
ANNOT_Q3   -0.0005   -0.0005    1.0000   -0.0005   -0.0005
ANNOT_Q4   -0.0005   -0.0005   -0.0005    1.0000   -0.0005
ANNOT_Q5   -0.0006   -0.0006   -0.0005   -0.0005    1.0000

Annotation Matrix Column Sums
ANNOT_Q1    294
ANNOT_Q2    303
ANNOT_Q3    256
ANNOT_Q4    291
ANNOT_Q5    311

Summary of Annotation Matrix Row Sums
count    549971.0000
mean          0.0026
std           0.0514
min           0.0000
25%           0.0000
50%           0.0000
75%           0.0000
max           1.0000
Analysis finished at Sun Apr 26 21:48:51 2026
Total time elapsed: 3.0m:8.669999999999987s
