*********************************************************************
* LD Score Regression (LDSC)
* Version 1.0.1
* (C) 2014-2019 Brendan Bulik-Sullivan and Hilary Finucane
* Broad Institute of MIT and Harvard / MIT Department of Mathematics
* GNU General Public License v3
*********************************************************************
Call: 
./ldsc.py \
--out ./custom_ldscores/dlpfc/dlpfc.16 \
--bfile /projects/b1213/resources/ldsc/1000G_EUR_Phase3_plink/1000G.EUR.QC.16 \
--l2  \
--ld-wind-cm 1.0 \
--print-snps /projects/b1213/resources/ldsc/hm3_no_MHC.list.txt \
--annot ./custom_ldscores/dlpfc/dlpfc.16.annot.gz \
--thin-annot  

Beginning analysis at Sun Apr 26 21:43:42 2026
Read list of 316981 SNPs from /projects/b1213/resources/ldsc/1000G_EUR_Phase3_plink/1000G.EUR.QC.16.bim
Read 5 annotations for 316981 SNPs from ./custom_ldscores/dlpfc/dlpfc.16.annot.gz
Read list of 489 individuals from /projects/b1213/resources/ldsc/1000G_EUR_Phase3_plink/1000G.EUR.QC.16.fam
Reading genotypes from /projects/b1213/resources/ldsc/1000G_EUR_Phase3_plink/1000G.EUR.QC.16.bed
Estimating LD Score.
Reading list of 1217311 SNPs for which to print LD Scores from /projects/b1213/resources/ldsc/hm3_no_MHC.list.txt
After merging with --print-snps, LD Scores for 36526 SNPs will be printed.
Writing LD Scores for 36526 SNPs to ./custom_ldscores/dlpfc/dlpfc.16.l2.ldscore.gz

Summary of LD Scores in ./custom_ldscores/dlpfc/dlpfc.16.l2.ldscore.gz
         MAF  ANNOT_Q1L2  ANNOT_Q2L2  ANNOT_Q3L2  ANNOT_Q4L2  ANNOT_Q5L2
mean  0.2389      0.0318      0.0702      0.0492      0.0534      0.0345
std   0.1426      0.1650      0.2668      0.3229      0.2839      0.1807
min   0.0051     -0.0353     -0.0323     -0.0368     -0.0501     -0.0266
25%   0.1145      0.0000      0.0000      0.0000      0.0000      0.0000
50%   0.2311      0.0000      0.0000      0.0000      0.0000      0.0000
75%   0.3599      0.0027      0.0178      0.0054      0.0071      0.0007
max   0.5000      7.9733      5.3308      9.4589      9.7209      4.3262

MAF/LD Score Correlation Matrix
               MAF  ANNOT_Q1L2  ANNOT_Q2L2  ANNOT_Q3L2  ANNOT_Q4L2  ANNOT_Q5L2
MAF         1.0000     -0.0290      0.0171      0.0282      0.0153     -0.0090
ANNOT_Q1L2 -0.0290      1.0000      0.0894      0.0558      0.0318      0.0182
ANNOT_Q2L2  0.0171      0.0894      1.0000      0.0336      0.0590      0.1111
ANNOT_Q3L2  0.0282      0.0558      0.0336      1.0000      0.0854      0.0113
ANNOT_Q4L2  0.0153      0.0318      0.0590      0.0854      1.0000      0.0518
ANNOT_Q5L2 -0.0090      0.0182      0.1111      0.0113      0.0518      1.0000

LD Score Matrix Condition Number
2.0464567675992233

Annotation Correlation Matrix
          ANNOT_Q1  ANNOT_Q2  ANNOT_Q3  ANNOT_Q4  ANNOT_Q5
ANNOT_Q1    1.0000   -0.0006   -0.0006   -0.0006   -0.0005
ANNOT_Q2   -0.0006    1.0000   -0.0007   -0.0007   -0.0006
ANNOT_Q3   -0.0006   -0.0007    1.0000   -0.0007   -0.0006
ANNOT_Q4   -0.0006   -0.0007   -0.0007    1.0000   -0.0005
ANNOT_Q5   -0.0005   -0.0006   -0.0006   -0.0005    1.0000

Annotation Matrix Column Sums
ANNOT_Q1    161
ANNOT_Q2    254
ANNOT_Q3    221
ANNOT_Q4    199
ANNOT_Q5    138

Summary of Annotation Matrix Row Sums
count    316981.0000
mean          0.0031
std           0.0553
min           0.0000
25%           0.0000
50%           0.0000
75%           0.0000
max           1.0000
Analysis finished at Sun Apr 26 21:44:56 2026
Total time elapsed: 1.0m:14.069999999999993s
