*********************************************************************
* LD Score Regression (LDSC)
* Version 1.0.1
* (C) 2014-2019 Brendan Bulik-Sullivan and Hilary Finucane
* Broad Institute of MIT and Harvard / MIT Department of Mathematics
* GNU General Public License v3
*********************************************************************
Call: 
./ldsc.py \
--out ./custom_ldscores/dlpfc/dlpfc.9 \
--bfile /projects/b1213/resources/ldsc/1000G_EUR_Phase3_plink/1000G.EUR.QC.9 \
--l2  \
--ld-wind-cm 1.0 \
--print-snps /projects/b1213/resources/ldsc/hm3_no_MHC.list.txt \
--annot ./custom_ldscores/dlpfc/dlpfc.9.annot.gz \
--thin-annot  

Beginning analysis at Sun Apr 26 21:44:21 2026
Read list of 438106 SNPs from /projects/b1213/resources/ldsc/1000G_EUR_Phase3_plink/1000G.EUR.QC.9.bim
Read 5 annotations for 438106 SNPs from ./custom_ldscores/dlpfc/dlpfc.9.annot.gz
Read list of 489 individuals from /projects/b1213/resources/ldsc/1000G_EUR_Phase3_plink/1000G.EUR.QC.9.fam
Reading genotypes from /projects/b1213/resources/ldsc/1000G_EUR_Phase3_plink/1000G.EUR.QC.9.bed
Estimating LD Score.
Reading list of 1217311 SNPs for which to print LD Scores from /projects/b1213/resources/ldsc/hm3_no_MHC.list.txt
After merging with --print-snps, LD Scores for 55464 SNPs will be printed.
Writing LD Scores for 55464 SNPs to ./custom_ldscores/dlpfc/dlpfc.9.l2.ldscore.gz

Summary of LD Scores in ./custom_ldscores/dlpfc/dlpfc.9.l2.ldscore.gz
         MAF  ANNOT_Q1L2  ANNOT_Q2L2  ANNOT_Q3L2  ANNOT_Q4L2  ANNOT_Q5L2
mean  0.2359      0.0442      0.0360      0.0350  4.1526e-02      0.0654
std   0.1423      0.2505      0.2316      0.1818  2.8585e-01      0.3958
min   0.0051     -0.0368     -0.0278     -0.0263 -5.0714e-02     -0.0460
25%   0.1115      0.0000      0.0000      0.0000  0.0000e+00      0.0000
50%   0.2249      0.0000      0.0000      0.0000  0.0000e+00      0.0000
75%   0.3569      0.0038      0.0005      0.0016  5.7195e-06      0.0061
max   0.5000      6.7376      7.7070      6.1902  1.4737e+01     15.5041

MAF/LD Score Correlation Matrix
               MAF  ANNOT_Q1L2  ANNOT_Q2L2  ANNOT_Q3L2  ANNOT_Q4L2  ANNOT_Q5L2
MAF         1.0000      0.0027     -0.0164      0.0385      0.0208      0.0369
ANNOT_Q1L2  0.0027      1.0000      0.0533      0.0663      0.0758      0.0599
ANNOT_Q2L2 -0.0164      0.0533      1.0000      0.0696      0.0686      0.0039
ANNOT_Q3L2  0.0385      0.0663      0.0696      1.0000      0.1132      0.0451
ANNOT_Q4L2  0.0208      0.0758      0.0686      0.1132      1.0000      0.0547
ANNOT_Q5L2  0.0369      0.0599      0.0039      0.0451      0.0547      1.0000

LD Score Matrix Condition Number
2.2470652938667706

Annotation Correlation Matrix
          ANNOT_Q1  ANNOT_Q2  ANNOT_Q3  ANNOT_Q4  ANNOT_Q5
ANNOT_Q1    1.0000   -0.0004   -0.0004   -0.0004   -0.0005
ANNOT_Q2   -0.0004    1.0000   -0.0003   -0.0004   -0.0005
ANNOT_Q3   -0.0004   -0.0003    1.0000   -0.0004   -0.0005
ANNOT_Q4   -0.0004   -0.0004   -0.0004    1.0000   -0.0006
ANNOT_Q5   -0.0005   -0.0005   -0.0005   -0.0006    1.0000

Annotation Matrix Column Sums
ANNOT_Q1    174
ANNOT_Q2    153
ANNOT_Q3    146
ANNOT_Q4    220
ANNOT_Q5    277

Summary of Annotation Matrix Row Sums
count    438106.0000
mean          0.0022
std           0.0470
min           0.0000
25%           0.0000
50%           0.0000
75%           0.0000
max           1.0000
Analysis finished at Sun Apr 26 21:46:10 2026
Total time elapsed: 1.0m:49.89s
