*********************************************************************
* LD Score Regression (LDSC)
* Version 1.0.1
* (C) 2014-2019 Brendan Bulik-Sullivan and Hilary Finucane
* Broad Institute of MIT and Harvard / MIT Department of Mathematics
* GNU General Public License v3
*********************************************************************
Call: 
./ldsc.py \
--out ./custom_ldscores/dlpfc/dlpfc.1 \
--bfile /projects/b1213/resources/ldsc/1000G_EUR_Phase3_plink/1000G.EUR.QC.1 \
--l2  \
--ld-wind-cm 1.0 \
--print-snps /projects/b1213/resources/ldsc/hm3_no_MHC.list.txt \
--annot ./custom_ldscores/dlpfc/dlpfc.1.annot.gz \
--thin-annot  

Beginning analysis at Sun Apr 26 21:45:05 2026
Read list of 779354 SNPs from /projects/b1213/resources/ldsc/1000G_EUR_Phase3_plink/1000G.EUR.QC.1.bim
Read 5 annotations for 779354 SNPs from ./custom_ldscores/dlpfc/dlpfc.1.annot.gz
Read list of 489 individuals from /projects/b1213/resources/ldsc/1000G_EUR_Phase3_plink/1000G.EUR.QC.1.fam
Reading genotypes from /projects/b1213/resources/ldsc/1000G_EUR_Phase3_plink/1000G.EUR.QC.1.bed
Estimating LD Score.
Reading list of 1217311 SNPs for which to print LD Scores from /projects/b1213/resources/ldsc/hm3_no_MHC.list.txt
After merging with --print-snps, LD Scores for 98642 SNPs will be printed.
Writing LD Scores for 98642 SNPs to ./custom_ldscores/dlpfc/dlpfc.1.l2.ldscore.gz

Summary of LD Scores in ./custom_ldscores/dlpfc/dlpfc.1.l2.ldscore.gz
         MAF  ANNOT_Q1L2  ANNOT_Q2L2  ANNOT_Q3L2  ANNOT_Q4L2  ANNOT_Q5L2
mean  0.2346      0.0639      0.0554      0.0635      0.0543      0.0434
std   0.1432      0.3622      0.3320      0.3968      0.3119      0.3224
min   0.0051     -0.0643     -0.0504     -0.0703     -0.0528     -0.0617
25%   0.1084      0.0000      0.0000      0.0000      0.0000      0.0000
50%   0.2239      0.0000      0.0000      0.0000      0.0000      0.0000
75%   0.3558      0.0000      0.0000      0.0000      0.0000      0.0000
max   0.5000      9.3559     11.7283     11.3237      7.0521     11.6754

MAF/LD Score Correlation Matrix
               MAF  ANNOT_Q1L2  ANNOT_Q2L2  ANNOT_Q3L2  ANNOT_Q4L2  ANNOT_Q5L2
MAF         1.0000      0.0394      0.0349     -0.0125      0.0142      0.0237
ANNOT_Q1L2  0.0394      1.0000      0.2806      0.2075      0.1858      0.0140
ANNOT_Q2L2  0.0349      0.2806      1.0000      0.2065      0.2849      0.0320
ANNOT_Q3L2 -0.0125      0.2075      0.2065      1.0000      0.4329      0.1228
ANNOT_Q4L2  0.0142      0.1858      0.2849      0.4329      1.0000      0.0873
ANNOT_Q5L2  0.0237      0.0140      0.0320      0.1228      0.0873      1.0000

LD Score Matrix Condition Number
1.9889563459744675

Annotation Correlation Matrix
          ANNOT_Q1  ANNOT_Q2  ANNOT_Q3  ANNOT_Q4  ANNOT_Q5
ANNOT_Q1    1.0000   -0.0005   -0.0006   -0.0005   -0.0004
ANNOT_Q2   -0.0005    1.0000   -0.0006   -0.0005   -0.0004
ANNOT_Q3   -0.0006   -0.0006    1.0000   -0.0006   -0.0005
ANNOT_Q4   -0.0005   -0.0005   -0.0006    1.0000   -0.0004
ANNOT_Q5   -0.0004   -0.0004   -0.0005   -0.0004    1.0000

Annotation Matrix Column Sums
ANNOT_Q1    402
ANNOT_Q2    407
ANNOT_Q3    560
ANNOT_Q4    410
ANNOT_Q5    285

Summary of Annotation Matrix Row Sums
count    779354.0000
mean          0.0026
std           0.0514
min           0.0000
25%           0.0000
50%           0.0000
75%           0.0000
max           1.0000
Analysis finished at Sun Apr 26 21:48:07 2026
Total time elapsed: 3.0m:2.6100000000000136s
