*********************************************************************
* LD Score Regression (LDSC)
* Version 1.0.1
* (C) 2014-2019 Brendan Bulik-Sullivan and Hilary Finucane
* Broad Institute of MIT and Harvard / MIT Department of Mathematics
* GNU General Public License v3
*********************************************************************
Call: 
./ldsc.py \
--out ./custom_ldscores/dlpfc/dlpfc.7 \
--bfile /projects/b1213/resources/ldsc/1000G_EUR_Phase3_plink/1000G.EUR.QC.7 \
--l2  \
--ld-wind-cm 1.0 \
--print-snps /projects/b1213/resources/ldsc/hm3_no_MHC.list.txt \
--annot ./custom_ldscores/dlpfc/dlpfc.7.annot.gz \
--thin-annot  

Beginning analysis at Sun Apr 26 21:45:45 2026
Read list of 589569 SNPs from /projects/b1213/resources/ldsc/1000G_EUR_Phase3_plink/1000G.EUR.QC.7.bim
Read 5 annotations for 589569 SNPs from ./custom_ldscores/dlpfc/dlpfc.7.annot.gz
Read list of 489 individuals from /projects/b1213/resources/ldsc/1000G_EUR_Phase3_plink/1000G.EUR.QC.7.fam
Reading genotypes from /projects/b1213/resources/ldsc/1000G_EUR_Phase3_plink/1000G.EUR.QC.7.bed
Estimating LD Score.
Reading list of 1217311 SNPs for which to print LD Scores from /projects/b1213/resources/ldsc/hm3_no_MHC.list.txt
After merging with --print-snps, LD Scores for 66171 SNPs will be printed.
Writing LD Scores for 66171 SNPs to ./custom_ldscores/dlpfc/dlpfc.7.l2.ldscore.gz

Summary of LD Scores in ./custom_ldscores/dlpfc/dlpfc.7.l2.ldscore.gz
         MAF  ANNOT_Q1L2  ANNOT_Q2L2  ANNOT_Q3L2  ANNOT_Q4L2  ANNOT_Q5L2
mean  0.2390      0.0480      0.0465      0.0589      0.0396      0.0642
std   0.1428      0.2631      0.2633      0.3666      0.2317      0.3058
min   0.0051     -0.0303     -0.0337     -0.0375     -0.0240     -0.0353
25%   0.1125      0.0000      0.0000      0.0000      0.0000      0.0000
50%   0.2301      0.0000      0.0000      0.0000      0.0000      0.0000
75%   0.3609      0.0022      0.0062      0.0039      0.0056      0.0123
max   0.5000      8.0158      7.1349     10.0233      5.7363      9.0458

MAF/LD Score Correlation Matrix
               MAF  ANNOT_Q1L2  ANNOT_Q2L2  ANNOT_Q3L2  ANNOT_Q4L2  ANNOT_Q5L2
MAF         1.0000      0.0145      0.0057      0.0087      0.0440      0.0363
ANNOT_Q1L2  0.0145      1.0000      0.0755      0.0583      0.0410      0.0214
ANNOT_Q2L2  0.0057      0.0755      1.0000      0.0604      0.1114     -0.0166
ANNOT_Q3L2  0.0087      0.0583      0.0604      1.0000      0.0123      0.1530
ANNOT_Q4L2  0.0440      0.0410      0.1114      0.0123      1.0000     -0.0131
ANNOT_Q5L2  0.0363      0.0214     -0.0166      0.1530     -0.0131      1.0000

LD Score Matrix Condition Number
1.7049721154917115

Annotation Correlation Matrix
          ANNOT_Q1  ANNOT_Q2  ANNOT_Q3  ANNOT_Q4  ANNOT_Q5
ANNOT_Q1    1.0000   -0.0004   -0.0004   -0.0004   -0.0004
ANNOT_Q2   -0.0004    1.0000   -0.0004   -0.0004   -0.0005
ANNOT_Q3   -0.0004   -0.0004    1.0000   -0.0004   -0.0005
ANNOT_Q4   -0.0004   -0.0004   -0.0004    1.0000   -0.0005
ANNOT_Q5   -0.0004   -0.0005   -0.0005   -0.0005    1.0000

Annotation Matrix Column Sums
ANNOT_Q1    213
ANNOT_Q2    236
ANNOT_Q3    287
ANNOT_Q4    230
ANNOT_Q5    322

Summary of Annotation Matrix Row Sums
count    589569.0000
mean          0.0022
std           0.0467
min           0.0000
25%           0.0000
50%           0.0000
75%           0.0000
max           1.0000
Analysis finished at Sun Apr 26 21:49:01 2026
Total time elapsed: 3.0m:15.580000000000013s
