*********************************************************************
* LD Score Regression (LDSC)
* Version 1.0.1
* (C) 2014-2019 Brendan Bulik-Sullivan and Hilary Finucane
* Broad Institute of MIT and Harvard / MIT Department of Mathematics
* GNU General Public License v3
*********************************************************************
Call: 
./ldsc.py \
--out ./custom_ldscores/dlpfc/dlpfc.10 \
--bfile /projects/b1213/resources/ldsc/1000G_EUR_Phase3_plink/1000G.EUR.QC.10 \
--l2  \
--ld-wind-cm 1.0 \
--print-snps /projects/b1213/resources/ldsc/hm3_no_MHC.list.txt \
--annot ./custom_ldscores/dlpfc/dlpfc.10.annot.gz \
--thin-annot  

Beginning analysis at Sun Apr 26 21:45:05 2026
Read list of 510501 SNPs from /projects/b1213/resources/ldsc/1000G_EUR_Phase3_plink/1000G.EUR.QC.10.bim
Read 5 annotations for 510501 SNPs from ./custom_ldscores/dlpfc/dlpfc.10.annot.gz
Read list of 489 individuals from /projects/b1213/resources/ldsc/1000G_EUR_Phase3_plink/1000G.EUR.QC.10.fam
Reading genotypes from /projects/b1213/resources/ldsc/1000G_EUR_Phase3_plink/1000G.EUR.QC.10.bed
Estimating LD Score.
Reading list of 1217311 SNPs for which to print LD Scores from /projects/b1213/resources/ldsc/hm3_no_MHC.list.txt
After merging with --print-snps, LD Scores for 64067 SNPs will be printed.
Writing LD Scores for 64067 SNPs to ./custom_ldscores/dlpfc/dlpfc.10.l2.ldscore.gz

Summary of LD Scores in ./custom_ldscores/dlpfc/dlpfc.10.l2.ldscore.gz
         MAF  ANNOT_Q1L2  ANNOT_Q2L2  ANNOT_Q3L2  ANNOT_Q4L2  ANNOT_Q5L2
mean  0.2328      0.0556      0.0556      0.0526      0.0596      0.1055
std   0.1426      0.3538      0.3696      0.3265      0.2948      0.5026
min   0.0051     -0.0549     -0.0398     -0.0442     -0.0416     -0.0513
25%   0.1074      0.0000      0.0000      0.0000      0.0000      0.0000
50%   0.2198      0.0000      0.0000      0.0000      0.0000      0.0000
75%   0.3538      0.0045      0.0044      0.0021      0.0109      0.0176
max   0.5000     10.2757      8.4991     13.1270      6.9556     10.3663

MAF/LD Score Correlation Matrix
               MAF  ANNOT_Q1L2  ANNOT_Q2L2  ANNOT_Q3L2  ANNOT_Q4L2  ANNOT_Q5L2
MAF         1.0000      0.0402     -0.0317     -0.0227      0.0188      0.0138
ANNOT_Q1L2  0.0402      1.0000      0.1310      0.0592      0.1616      0.0100
ANNOT_Q2L2 -0.0317      0.1310      1.0000      0.1001      0.0153     -0.0135
ANNOT_Q3L2 -0.0227      0.0592      0.1001      1.0000      0.1898      0.0373
ANNOT_Q4L2  0.0188      0.1616      0.0153      0.1898      1.0000      0.0546
ANNOT_Q5L2  0.0138      0.0100     -0.0135      0.0373      0.0546      1.0000

LD Score Matrix Condition Number
1.917818810816319

Annotation Correlation Matrix
          ANNOT_Q1  ANNOT_Q2  ANNOT_Q3  ANNOT_Q4  ANNOT_Q5
ANNOT_Q1    1.0000   -0.0005   -0.0005   -0.0005   -0.0006
ANNOT_Q2   -0.0005    1.0000   -0.0005   -0.0005   -0.0006
ANNOT_Q3   -0.0005   -0.0005    1.0000   -0.0005   -0.0007
ANNOT_Q4   -0.0005   -0.0005   -0.0005    1.0000   -0.0007
ANNOT_Q5   -0.0006   -0.0006   -0.0007   -0.0007    1.0000

Annotation Matrix Column Sums
ANNOT_Q1    241
ANNOT_Q2    224
ANNOT_Q3    283
ANNOT_Q4    274
ANNOT_Q5    414

Summary of Annotation Matrix Row Sums
count    510501.0000
mean          0.0028
std           0.0530
min           0.0000
25%           0.0000
50%           0.0000
75%           0.0000
max           1.0000
Analysis finished at Sun Apr 26 21:47:36 2026
Total time elapsed: 2.0m:31.710000000000008s
