*********************************************************************
* LD Score Regression (LDSC)
* Version 1.0.1
* (C) 2014-2019 Brendan Bulik-Sullivan and Hilary Finucane
* Broad Institute of MIT and Harvard / MIT Department of Mathematics
* GNU General Public License v3
*********************************************************************
Call: 
./ldsc.py \
--out ./custom_ldscores/dlpfc/dlpfc.6 \
--bfile /projects/b1213/resources/ldsc/1000G_EUR_Phase3_plink/1000G.EUR.QC.6 \
--l2  \
--ld-wind-cm 1.0 \
--print-snps /projects/b1213/resources/ldsc/hm3_no_MHC.list.txt \
--annot ./custom_ldscores/dlpfc/dlpfc.6.annot.gz \
--thin-annot  

Beginning analysis at Sun Apr 26 21:47:18 2026
Read list of 664016 SNPs from /projects/b1213/resources/ldsc/1000G_EUR_Phase3_plink/1000G.EUR.QC.6.bim
Read 5 annotations for 664016 SNPs from ./custom_ldscores/dlpfc/dlpfc.6.annot.gz
Read list of 489 individuals from /projects/b1213/resources/ldsc/1000G_EUR_Phase3_plink/1000G.EUR.QC.6.fam
Reading genotypes from /projects/b1213/resources/ldsc/1000G_EUR_Phase3_plink/1000G.EUR.QC.6.bed
Estimating LD Score.
Reading list of 1217311 SNPs for which to print LD Scores from /projects/b1213/resources/ldsc/hm3_no_MHC.list.txt
After merging with --print-snps, LD Scores for 75358 SNPs will be printed.
Writing LD Scores for 75358 SNPs to ./custom_ldscores/dlpfc/dlpfc.6.l2.ldscore.gz

Summary of LD Scores in ./custom_ldscores/dlpfc/dlpfc.6.l2.ldscore.gz
         MAF  ANNOT_Q1L2  ANNOT_Q2L2  ANNOT_Q3L2  ANNOT_Q4L2  ANNOT_Q5L2
mean  0.2357      0.0794      0.0849      0.0311      0.0966      0.5064
std   0.1431      0.5619      0.5096      0.1975      0.7640      4.8871
min   0.0051     -0.0883     -0.0612     -0.0418     -0.2633     -0.9562
25%   0.1104      0.0000      0.0000      0.0000      0.0000      0.0000
50%   0.2249      0.0000      0.0000      0.0000      0.0000      0.0000
75%   0.3579      0.0020      0.0029      0.0002      0.0021      0.0010
max   0.5000     20.3040     14.0947      6.5656     61.2234    175.1341

MAF/LD Score Correlation Matrix
               MAF  ANNOT_Q1L2  ANNOT_Q2L2  ANNOT_Q3L2  ANNOT_Q4L2  ANNOT_Q5L2
MAF         1.0000     -0.0240     -0.0145      0.0216      0.0055     -0.0086
ANNOT_Q1L2 -0.0240      1.0000      0.5231      0.2110      0.1918      0.3704
ANNOT_Q2L2 -0.0145      0.5231      1.0000      0.2514      0.4443      0.6002
ANNOT_Q3L2  0.0216      0.2110      0.2514      1.0000      0.2366      0.1047
ANNOT_Q4L2  0.0055      0.1918      0.4443      0.2366      1.0000      0.6503
ANNOT_Q5L2 -0.0086      0.3704      0.6002      0.1047      0.6503      1.0000

LD Score Matrix Condition Number
26.878814342966127

Annotation Correlation Matrix
          ANNOT_Q1  ANNOT_Q2  ANNOT_Q3  ANNOT_Q4  ANNOT_Q5
ANNOT_Q1    1.0000   -0.0006   -0.0004   -0.0007   -0.0017
ANNOT_Q2   -0.0006    1.0000   -0.0004   -0.0008   -0.0020
ANNOT_Q3   -0.0004   -0.0004    1.0000   -0.0005   -0.0013
ANNOT_Q4   -0.0007   -0.0008   -0.0005    1.0000   -0.0022
ANNOT_Q5   -0.0017   -0.0020   -0.0013   -0.0022    1.0000

Annotation Matrix Column Sums
ANNOT_Q1     336
ANNOT_Q2     463
ANNOT_Q3     188
ANNOT_Q4     572
ANNOT_Q5    3743

Summary of Annotation Matrix Row Sums
count    664016.000
mean          0.008
std           0.089
min           0.000
25%           0.000
50%           0.000
75%           0.000
max           1.000
Analysis finished at Sun Apr 26 21:51:51 2026
Total time elapsed: 4.0m:32.97000000000003s
