*********************************************************************
* LD Score Regression (LDSC)
* Version 1.0.1
* (C) 2014-2019 Brendan Bulik-Sullivan and Hilary Finucane
* Broad Institute of MIT and Harvard / MIT Department of Mathematics
* GNU General Public License v3
*********************************************************************
Call: 
./ldsc.py \
--out ./custom_ldscores/dlpfc/dlpfc.19 \
--bfile /projects/b1213/resources/ldsc/1000G_EUR_Phase3_plink/1000G.EUR.QC.19 \
--l2  \
--ld-wind-cm 1.0 \
--print-snps /projects/b1213/resources/ldsc/hm3_no_MHC.list.txt \
--annot ./custom_ldscores/dlpfc/dlpfc.19.annot.gz \
--thin-annot  

Beginning analysis at Sun Apr 26 21:43:41 2026
Read list of 232363 SNPs from /projects/b1213/resources/ldsc/1000G_EUR_Phase3_plink/1000G.EUR.QC.19.bim
Read 5 annotations for 232363 SNPs from ./custom_ldscores/dlpfc/dlpfc.19.annot.gz
Read list of 489 individuals from /projects/b1213/resources/ldsc/1000G_EUR_Phase3_plink/1000G.EUR.QC.19.fam
Reading genotypes from /projects/b1213/resources/ldsc/1000G_EUR_Phase3_plink/1000G.EUR.QC.19.bed
Estimating LD Score.
Reading list of 1217311 SNPs for which to print LD Scores from /projects/b1213/resources/ldsc/hm3_no_MHC.list.txt
After merging with --print-snps, LD Scores for 22509 SNPs will be printed.
Writing LD Scores for 22509 SNPs to ./custom_ldscores/dlpfc/dlpfc.19.l2.ldscore.gz

Summary of LD Scores in ./custom_ldscores/dlpfc/dlpfc.19.l2.ldscore.gz
         MAF  ANNOT_Q1L2  ANNOT_Q2L2  ANNOT_Q3L2  ANNOT_Q4L2  ANNOT_Q5L2
mean  0.2384      0.0571      0.0587      0.0733      0.0850      0.1354
std   0.1420      0.2251      0.3062      0.3825      0.3818      0.5337
min   0.0051     -0.0249     -0.0376     -0.0650     -0.0241     -0.0570
25%   0.1145      0.0000      0.0000      0.0000      0.0000      0.0000
50%   0.2342      0.0000      0.0000      0.0000      0.0000      0.0000
75%   0.3569      0.0132      0.0174      0.0137      0.0176      0.0374
max   0.5000      4.1244      8.0232     14.6456      5.5614     11.1747

MAF/LD Score Correlation Matrix
               MAF  ANNOT_Q1L2  ANNOT_Q2L2  ANNOT_Q3L2  ANNOT_Q4L2  ANNOT_Q5L2
MAF         1.0000      0.0428      0.0463     -0.0099      0.0400      0.0492
ANNOT_Q1L2  0.0428      1.0000      0.0546     -0.0005      0.0432     -0.0273
ANNOT_Q2L2  0.0463      0.0546      1.0000      0.3047      0.0397     -0.0008
ANNOT_Q3L2 -0.0099     -0.0005      0.3047      1.0000      0.0194     -0.0258
ANNOT_Q4L2  0.0400      0.0432      0.0397      0.0194      1.0000     -0.0045
ANNOT_Q5L2  0.0492     -0.0273     -0.0008     -0.0258     -0.0045      1.0000

LD Score Matrix Condition Number
2.4155536794001695

Annotation Correlation Matrix
          ANNOT_Q1  ANNOT_Q2  ANNOT_Q3  ANNOT_Q4  ANNOT_Q5
ANNOT_Q1    1.0000   -0.0008   -0.0008   -0.0007   -0.0010
ANNOT_Q2   -0.0008    1.0000   -0.0009   -0.0008   -0.0010
ANNOT_Q3   -0.0008   -0.0009    1.0000   -0.0008   -0.0011
ANNOT_Q4   -0.0007   -0.0008   -0.0008    1.0000   -0.0009
ANNOT_Q5   -0.0010   -0.0010   -0.0011   -0.0009    1.0000

Annotation Matrix Column Sums
ANNOT_Q1    174
ANNOT_Q2    192
ANNOT_Q3    212
ANNOT_Q4    167
ANNOT_Q5    290

Summary of Annotation Matrix Row Sums
count    232363.0000
mean          0.0045
std           0.0666
min           0.0000
25%           0.0000
50%           0.0000
75%           0.0000
max           1.0000
Analysis finished at Sun Apr 26 21:44:50 2026
Total time elapsed: 1.0m:9.069999999999993s
