*********************************************************************
* LD Score Regression (LDSC)
* Version 1.0.1
* (C) 2014-2019 Brendan Bulik-Sullivan and Hilary Finucane
* Broad Institute of MIT and Harvard / MIT Department of Mathematics
* GNU General Public License v3
*********************************************************************
Call: 
./ldsc.py \
--out ./custom_ldscores/dlpfc/dlpfc.17 \
--bfile /projects/b1213/resources/ldsc/1000G_EUR_Phase3_plink/1000G.EUR.QC.17 \
--l2  \
--ld-wind-cm 1.0 \
--print-snps /projects/b1213/resources/ldsc/hm3_no_MHC.list.txt \
--annot ./custom_ldscores/dlpfc/dlpfc.17.annot.gz \
--thin-annot  

Beginning analysis at Sun Apr 26 21:43:33 2026
Read list of 269222 SNPs from /projects/b1213/resources/ldsc/1000G_EUR_Phase3_plink/1000G.EUR.QC.17.bim
Read 5 annotations for 269222 SNPs from ./custom_ldscores/dlpfc/dlpfc.17.annot.gz
Read list of 489 individuals from /projects/b1213/resources/ldsc/1000G_EUR_Phase3_plink/1000G.EUR.QC.17.fam
Reading genotypes from /projects/b1213/resources/ldsc/1000G_EUR_Phase3_plink/1000G.EUR.QC.17.bed
Estimating LD Score.
Reading list of 1217311 SNPs for which to print LD Scores from /projects/b1213/resources/ldsc/hm3_no_MHC.list.txt
After merging with --print-snps, LD Scores for 32218 SNPs will be printed.
Writing LD Scores for 32218 SNPs to ./custom_ldscores/dlpfc/dlpfc.17.l2.ldscore.gz

Summary of LD Scores in ./custom_ldscores/dlpfc/dlpfc.17.l2.ldscore.gz
         MAF  ANNOT_Q1L2  ANNOT_Q2L2  ANNOT_Q3L2  ANNOT_Q4L2  ANNOT_Q5L2
mean  0.2428      0.0615      0.0576      0.0720      0.0341      0.0658
std   0.1444      0.3016      0.2211      0.3091      0.1970      0.2752
min   0.0051     -0.0382     -0.0277     -0.0320     -0.0289     -0.0369
25%   0.1145      0.0000      0.0000      0.0000      0.0000      0.0000
50%   0.2352      0.0000      0.0000      0.0000      0.0000      0.0000
75%   0.3681      0.0034      0.0155      0.0176      0.0060      0.0146
max   0.5000      6.9306      3.5559      7.1795      7.8239      5.8571

MAF/LD Score Correlation Matrix
               MAF  ANNOT_Q1L2  ANNOT_Q2L2  ANNOT_Q3L2  ANNOT_Q4L2  ANNOT_Q5L2
MAF         1.0000      0.0647      0.0562      0.0531      0.0363      0.0246
ANNOT_Q1L2  0.0647      1.0000      0.2054      0.2345      0.0055      0.0453
ANNOT_Q2L2  0.0562      0.2054      1.0000      0.2377      0.0798      0.2274
ANNOT_Q3L2  0.0531      0.2345      0.2377      1.0000      0.0345      0.2001
ANNOT_Q4L2  0.0363      0.0055      0.0798      0.0345      1.0000      0.0249
ANNOT_Q5L2  0.0246      0.0453      0.2274      0.2001      0.0249      1.0000

LD Score Matrix Condition Number
1.981096196876358

Annotation Correlation Matrix
          ANNOT_Q1  ANNOT_Q2  ANNOT_Q3  ANNOT_Q4  ANNOT_Q5
ANNOT_Q1    1.0000   -0.0007   -0.0008   -0.0005   -0.0006
ANNOT_Q2   -0.0007    1.0000   -0.0008   -0.0006   -0.0006
ANNOT_Q3   -0.0008   -0.0008    1.0000   -0.0006   -0.0007
ANNOT_Q4   -0.0005   -0.0006   -0.0006    1.0000   -0.0005
ANNOT_Q5   -0.0006   -0.0006   -0.0007   -0.0005    1.0000

Annotation Matrix Column Sums
ANNOT_Q1    170
ANNOT_Q2    182
ANNOT_Q3    244
ANNOT_Q4    125
ANNOT_Q5    153

Summary of Annotation Matrix Row Sums
count    269222.0000
mean          0.0032
std           0.0569
min           0.0000
25%           0.0000
50%           0.0000
75%           0.0000
max           1.0000
Analysis finished at Sun Apr 26 21:44:35 2026
Total time elapsed: 1.0m:2.270000000000003s
