*********************************************************************
* LD Score Regression (LDSC)
* Version 1.0.1
* (C) 2014-2019 Brendan Bulik-Sullivan and Hilary Finucane
* Broad Institute of MIT and Harvard / MIT Department of Mathematics
* GNU General Public License v3
*********************************************************************
Call: 
./ldsc.py \
--out ./custom_ldscores/dlpfc/dlpfc.20 \
--bfile /projects/b1213/resources/ldsc/1000G_EUR_Phase3_plink/1000G.EUR.QC.20 \
--l2  \
--ld-wind-cm 1.0 \
--print-snps /projects/b1213/resources/ldsc/hm3_no_MHC.list.txt \
--annot ./custom_ldscores/dlpfc/dlpfc.20.annot.gz \
--thin-annot  

Beginning analysis at Sun Apr 26 21:43:18 2026
Read list of 221626 SNPs from /projects/b1213/resources/ldsc/1000G_EUR_Phase3_plink/1000G.EUR.QC.20.bim
Read 5 annotations for 221626 SNPs from ./custom_ldscores/dlpfc/dlpfc.20.annot.gz
Read list of 489 individuals from /projects/b1213/resources/ldsc/1000G_EUR_Phase3_plink/1000G.EUR.QC.20.fam
Reading genotypes from /projects/b1213/resources/ldsc/1000G_EUR_Phase3_plink/1000G.EUR.QC.20.bed
Estimating LD Score.
Reading list of 1217311 SNPs for which to print LD Scores from /projects/b1213/resources/ldsc/hm3_no_MHC.list.txt
After merging with --print-snps, LD Scores for 31101 SNPs will be printed.
Writing LD Scores for 31101 SNPs to ./custom_ldscores/dlpfc/dlpfc.20.l2.ldscore.gz

Summary of LD Scores in ./custom_ldscores/dlpfc/dlpfc.20.l2.ldscore.gz
         MAF  ANNOT_Q1L2  ANNOT_Q2L2  ANNOT_Q3L2  ANNOT_Q4L2  ANNOT_Q5L2
mean  0.2344      0.0296      0.0346      0.0292      0.0287      0.0541
std   0.1427      0.3012      0.2499      0.2069      0.1804      0.3261
min   0.0051     -0.0281     -0.0272     -0.0291     -0.0282     -0.0255
25%   0.1074      0.0000      0.0000      0.0000      0.0000      0.0000
50%   0.2229      0.0000      0.0000      0.0000      0.0000      0.0000
75%   0.3558      0.0000      0.0014      0.0006      0.0000      0.0000
max   0.5000      8.0213      8.3299      5.7794      4.8841      7.0794

MAF/LD Score Correlation Matrix
               MAF  ANNOT_Q1L2  ANNOT_Q2L2  ANNOT_Q3L2  ANNOT_Q4L2  ANNOT_Q5L2
MAF         1.0000      0.0623      0.0254      0.0126      0.0271      0.0433
ANNOT_Q1L2  0.0623      1.0000      0.1440     -0.0095      0.1720      0.2806
ANNOT_Q2L2  0.0254      0.1440      1.0000      0.6594      0.0606      0.0456
ANNOT_Q3L2  0.0126     -0.0095      0.6594      1.0000      0.0228      0.0216
ANNOT_Q4L2  0.0271      0.1720      0.0606      0.0228      1.0000      0.0558
ANNOT_Q5L2  0.0433      0.2806      0.0456      0.0216      0.0558      1.0000

LD Score Matrix Condition Number
2.8625553272418625

Annotation Correlation Matrix
          ANNOT_Q1  ANNOT_Q2  ANNOT_Q3  ANNOT_Q4  ANNOT_Q5
ANNOT_Q1    1.0000   -0.0004   -0.0004   -0.0004   -0.0004
ANNOT_Q2   -0.0004    1.0000   -0.0004   -0.0004   -0.0005
ANNOT_Q3   -0.0004   -0.0004    1.0000   -0.0004   -0.0005
ANNOT_Q4   -0.0004   -0.0004   -0.0004    1.0000   -0.0004
ANNOT_Q5   -0.0004   -0.0005   -0.0005   -0.0004    1.0000

Annotation Matrix Column Sums
ANNOT_Q1     68
ANNOT_Q2    102
ANNOT_Q3     94
ANNOT_Q4     92
ANNOT_Q5    106

Summary of Annotation Matrix Row Sums
count    221626.0000
mean          0.0021
std           0.0456
min           0.0000
25%           0.0000
50%           0.0000
75%           0.0000
max           1.0000
Analysis finished at Sun Apr 26 21:44:08 2026
Total time elapsed: 49.61s
