*********************************************************************
* LD Score Regression (LDSC)
* Version 1.0.1
* (C) 2014-2019 Brendan Bulik-Sullivan and Hilary Finucane
* Broad Institute of MIT and Harvard / MIT Department of Mathematics
* GNU General Public License v3
*********************************************************************
Call: 
./ldsc.py \
--out ./custom_ldscores/dlpfc/dlpfc.18 \
--bfile /projects/b1213/resources/ldsc/1000G_EUR_Phase3_plink/1000G.EUR.QC.18 \
--l2  \
--ld-wind-cm 1.0 \
--print-snps /projects/b1213/resources/ldsc/hm3_no_MHC.list.txt \
--annot ./custom_ldscores/dlpfc/dlpfc.18.annot.gz \
--thin-annot  

Beginning analysis at Sun Apr 26 21:43:41 2026
Read list of 285156 SNPs from /projects/b1213/resources/ldsc/1000G_EUR_Phase3_plink/1000G.EUR.QC.18.bim
Read 5 annotations for 285156 SNPs from ./custom_ldscores/dlpfc/dlpfc.18.annot.gz
Read list of 489 individuals from /projects/b1213/resources/ldsc/1000G_EUR_Phase3_plink/1000G.EUR.QC.18.fam
Reading genotypes from /projects/b1213/resources/ldsc/1000G_EUR_Phase3_plink/1000G.EUR.QC.18.bed
Estimating LD Score.
Reading list of 1217311 SNPs for which to print LD Scores from /projects/b1213/resources/ldsc/hm3_no_MHC.list.txt
After merging with --print-snps, LD Scores for 35513 SNPs will be printed.
Writing LD Scores for 35513 SNPs to ./custom_ldscores/dlpfc/dlpfc.18.l2.ldscore.gz

Summary of LD Scores in ./custom_ldscores/dlpfc/dlpfc.18.l2.ldscore.gz
         MAF  ANNOT_Q1L2  ANNOT_Q2L2  ANNOT_Q3L2  ANNOT_Q4L2  ANNOT_Q5L2
mean  0.2364      0.0755      0.0371      0.0401      0.0281      0.0641
std   0.1423      0.9038      0.2333      0.2287      0.2089      0.3704
min   0.0051     -0.1392     -0.0328     -0.0298     -0.0380     -0.0395
25%   0.1115      0.0000      0.0000      0.0000      0.0000      0.0000
50%   0.2260      0.0000      0.0000      0.0000      0.0000      0.0000
75%   0.3569      0.0000      0.0000      0.0000      0.0000      0.0002
max   0.5000     31.0679      5.2731      5.6728      6.1150      9.4795

MAF/LD Score Correlation Matrix
               MAF  ANNOT_Q1L2  ANNOT_Q2L2  ANNOT_Q3L2  ANNOT_Q4L2  ANNOT_Q5L2
MAF         1.0000      0.0088      0.0312      0.0416      0.0158      0.0159
ANNOT_Q1L2  0.0088      1.0000      0.5359      0.1442      0.2672     -0.0049
ANNOT_Q2L2  0.0312      0.5359      1.0000      0.0853      0.1061     -0.0232
ANNOT_Q3L2  0.0416      0.1442      0.0853      1.0000      0.2643      0.1172
ANNOT_Q4L2  0.0158      0.2672      0.1061      0.2643      1.0000      0.1269
ANNOT_Q5L2  0.0159     -0.0049     -0.0232      0.1172      0.1269      1.0000

LD Score Matrix Condition Number
5.055428377373633

Annotation Correlation Matrix
          ANNOT_Q1  ANNOT_Q2  ANNOT_Q3  ANNOT_Q4  ANNOT_Q5
ANNOT_Q1    1.0000   -0.0004   -0.0006   -0.0004   -0.0006
ANNOT_Q2   -0.0004    1.0000   -0.0004   -0.0003   -0.0005
ANNOT_Q3   -0.0006   -0.0004    1.0000   -0.0004   -0.0006
ANNOT_Q4   -0.0004   -0.0003   -0.0004    1.0000   -0.0005
ANNOT_Q5   -0.0006   -0.0005   -0.0006   -0.0005    1.0000

Annotation Matrix Column Sums
ANNOT_Q1    163
ANNOT_Q2     88
ANNOT_Q3    151
ANNOT_Q4     87
ANNOT_Q5    198

Summary of Annotation Matrix Row Sums
count    285156.0000
mean          0.0024
std           0.0490
min           0.0000
25%           0.0000
50%           0.0000
75%           0.0000
max           1.0000
Analysis finished at Sun Apr 26 21:44:49 2026
Total time elapsed: 1.0m:8.099999999999994s
