*********************************************************************
* LD Score Regression (LDSC)
* Version 1.0.1
* (C) 2014-2019 Brendan Bulik-Sullivan and Hilary Finucane
* Broad Institute of MIT and Harvard / MIT Department of Mathematics
* GNU General Public License v3
*********************************************************************
Call: 
./ldsc.py \
--out ./custom_ldscores/dlpfc/dlpfc.5 \
--bfile /projects/b1213/resources/ldsc/1000G_EUR_Phase3_plink/1000G.EUR.QC.5 \
--l2  \
--ld-wind-cm 1.0 \
--print-snps /projects/b1213/resources/ldsc/hm3_no_MHC.list.txt \
--annot ./custom_ldscores/dlpfc/dlpfc.5.annot.gz \
--thin-annot  

Beginning analysis at Sun Apr 26 21:46:01 2026
Read list of 633015 SNPs from /projects/b1213/resources/ldsc/1000G_EUR_Phase3_plink/1000G.EUR.QC.5.bim
Read 5 annotations for 633015 SNPs from ./custom_ldscores/dlpfc/dlpfc.5.annot.gz
Read list of 489 individuals from /projects/b1213/resources/ldsc/1000G_EUR_Phase3_plink/1000G.EUR.QC.5.fam
Reading genotypes from /projects/b1213/resources/ldsc/1000G_EUR_Phase3_plink/1000G.EUR.QC.5.bed
Estimating LD Score.
Reading list of 1217311 SNPs for which to print LD Scores from /projects/b1213/resources/ldsc/hm3_no_MHC.list.txt
After merging with --print-snps, LD Scores for 75164 SNPs will be printed.
Writing LD Scores for 75164 SNPs to ./custom_ldscores/dlpfc/dlpfc.5.l2.ldscore.gz

Summary of LD Scores in ./custom_ldscores/dlpfc/dlpfc.5.l2.ldscore.gz
         MAF  ANNOT_Q1L2  ANNOT_Q2L2  ANNOT_Q3L2  ANNOT_Q4L2  ANNOT_Q5L2
mean  0.2369      0.0372      0.0643      0.0445      0.0465      0.0957
std   0.1421      0.2531      0.3410      0.2369      0.2390      0.7011
min   0.0051     -0.0305     -0.0399     -0.0345     -0.0332     -0.0771
25%   0.1125      0.0000      0.0000      0.0000      0.0000      0.0000
50%   0.2280      0.0000      0.0000      0.0000      0.0000      0.0000
75%   0.3569      0.0020      0.0104      0.0040      0.0073      0.0105
max   0.5000     10.5639     10.1576      8.0455      7.4154     32.5766

MAF/LD Score Correlation Matrix
               MAF  ANNOT_Q1L2  ANNOT_Q2L2  ANNOT_Q3L2  ANNOT_Q4L2  ANNOT_Q5L2
MAF         1.0000      0.0092      0.0271      0.0405      0.0203      0.0209
ANNOT_Q1L2  0.0092      1.0000      0.0809      0.0172      0.1605      0.0036
ANNOT_Q2L2  0.0271      0.0809      1.0000      0.0122      0.0766     -0.0135
ANNOT_Q3L2  0.0405      0.0172      0.0122      1.0000      0.0363      0.0319
ANNOT_Q4L2  0.0203      0.1605      0.0766      0.0363      1.0000      0.0366
ANNOT_Q5L2  0.0209      0.0036     -0.0135      0.0319      0.0366      1.0000

LD Score Matrix Condition Number
3.164413038985804

Annotation Correlation Matrix
          ANNOT_Q1  ANNOT_Q2  ANNOT_Q3  ANNOT_Q4  ANNOT_Q5
ANNOT_Q1    1.0000   -0.0005   -0.0004   -0.0004   -0.0005
ANNOT_Q2   -0.0005    1.0000   -0.0005   -0.0005   -0.0006
ANNOT_Q3   -0.0004   -0.0005    1.0000   -0.0005   -0.0006
ANNOT_Q4   -0.0004   -0.0005   -0.0005    1.0000   -0.0006
ANNOT_Q5   -0.0005   -0.0006   -0.0006   -0.0006    1.0000

Annotation Matrix Column Sums
ANNOT_Q1    242
ANNOT_Q2    356
ANNOT_Q3    288
ANNOT_Q4    284
ANNOT_Q5    455

Summary of Annotation Matrix Row Sums
count    633015.0000
mean          0.0026
std           0.0506
min           0.0000
25%           0.0000
50%           0.0000
75%           0.0000
max           1.0000
Analysis finished at Sun Apr 26 21:49:31 2026
Total time elapsed: 3.0m:30.02000000000001s
