*********************************************************************
* LD Score Regression (LDSC)
* Version 1.0.1
* (C) 2014-2019 Brendan Bulik-Sullivan and Hilary Finucane
* Broad Institute of MIT and Harvard / MIT Department of Mathematics
* GNU General Public License v3
*********************************************************************
Call: 
./ldsc.py \
--out ./custom_ldscores/dlpfc/dlpfc.2 \
--bfile /projects/b1213/resources/ldsc/1000G_EUR_Phase3_plink/1000G.EUR.QC.2 \
--l2  \
--ld-wind-cm 1.0 \
--print-snps /projects/b1213/resources/ldsc/hm3_no_MHC.list.txt \
--annot ./custom_ldscores/dlpfc/dlpfc.2.annot.gz \
--thin-annot  

Beginning analysis at Sun Apr 26 21:45:38 2026
Read list of 839590 SNPs from /projects/b1213/resources/ldsc/1000G_EUR_Phase3_plink/1000G.EUR.QC.2.bim
Read 5 annotations for 839590 SNPs from ./custom_ldscores/dlpfc/dlpfc.2.annot.gz
Read list of 489 individuals from /projects/b1213/resources/ldsc/1000G_EUR_Phase3_plink/1000G.EUR.QC.2.fam
Reading genotypes from /projects/b1213/resources/ldsc/1000G_EUR_Phase3_plink/1000G.EUR.QC.2.bed
Estimating LD Score.
Reading list of 1217311 SNPs for which to print LD Scores from /projects/b1213/resources/ldsc/hm3_no_MHC.list.txt
After merging with --print-snps, LD Scores for 99735 SNPs will be printed.
Writing LD Scores for 99735 SNPs to ./custom_ldscores/dlpfc/dlpfc.2.l2.ldscore.gz

Summary of LD Scores in ./custom_ldscores/dlpfc/dlpfc.2.l2.ldscore.gz
         MAF  ANNOT_Q1L2  ANNOT_Q2L2  ANNOT_Q3L2  ANNOT_Q4L2  ANNOT_Q5L2
mean  0.2384      0.0535      0.0602      0.0508      0.0403      0.0624
std   0.1431      0.3121      0.5510      0.3627      0.2707      0.3361
min   0.0051     -0.0508     -0.0939     -0.0384     -0.0380     -0.0515
25%   0.1125      0.0000      0.0000      0.0000      0.0000      0.0000
50%   0.2290      0.0000      0.0000      0.0000      0.0000      0.0000
75%   0.3620      0.0047      0.0047      0.0045      0.0009      0.0089
max   0.5000     15.9113     26.8770     17.1338      8.4060     11.9621

MAF/LD Score Correlation Matrix
               MAF  ANNOT_Q1L2  ANNOT_Q2L2  ANNOT_Q3L2  ANNOT_Q4L2  ANNOT_Q5L2
MAF         1.0000      0.0291      0.0327      0.0309      0.0330      0.0271
ANNOT_Q1L2  0.0291      1.0000      0.3828      0.1011      0.2069      0.0979
ANNOT_Q2L2  0.0327      0.3828      1.0000      0.1403      0.1734      0.1622
ANNOT_Q3L2  0.0309      0.1011      0.1403      1.0000      0.0370      0.0558
ANNOT_Q4L2  0.0330      0.2069      0.1734      0.0370      1.0000      0.0399
ANNOT_Q5L2  0.0271      0.0979      0.1622      0.0558      0.0399      1.0000

LD Score Matrix Condition Number
2.3258134770545844

Annotation Correlation Matrix
          ANNOT_Q1  ANNOT_Q2  ANNOT_Q3  ANNOT_Q4  ANNOT_Q5
ANNOT_Q1    1.0000   -0.0005   -0.0004   -0.0004   -0.0005
ANNOT_Q2   -0.0005    1.0000   -0.0005   -0.0004   -0.0005
ANNOT_Q3   -0.0004   -0.0005    1.0000   -0.0004   -0.0005
ANNOT_Q4   -0.0004   -0.0004   -0.0004    1.0000   -0.0004
ANNOT_Q5   -0.0005   -0.0005   -0.0005   -0.0004    1.0000

Annotation Matrix Column Sums
ANNOT_Q1    399
ANNOT_Q2    422
ANNOT_Q3    353
ANNOT_Q4    326
ANNOT_Q5    435

Summary of Annotation Matrix Row Sums
count    839590.0000
mean          0.0023
std           0.0480
min           0.0000
25%           0.0000
50%           0.0000
75%           0.0000
max           1.0000
Analysis finished at Sun Apr 26 21:49:44 2026
Total time elapsed: 4.0m:5.400000000000006s
