*********************************************************************
* LD Score Regression (LDSC)
* Version 1.0.1
* (C) 2014-2019 Brendan Bulik-Sullivan and Hilary Finucane
* Broad Institute of MIT and Harvard / MIT Department of Mathematics
* GNU General Public License v3
*********************************************************************
Call: 
./ldsc.py \
--out ./custom_ldscores/hippocampus/low_prediction_hg19/hippocampus_low_prediction_hg19.8 \
--bfile /ocean/projects/bio250020p/shared/resources/ldsc/1000G_EUR_Phase3_plink/1000G.EUR.QC.8 \
--l2  \
--ld-wind-cm 1.0 \
--print-snps /ocean/projects/bio250020p/shared/resources/ldsc/w_hm3.snplist \
--annot ./custom_ldscores/hippocampus/low_prediction_hg19/hippocampus_low_prediction_hg19.8.annot.gz \
--thin-annot  

Beginning analysis at Mon Feb  2 23:19:00 2026
Read list of 549971 SNPs from /ocean/projects/bio250020p/shared/resources/ldsc/1000G_EUR_Phase3_plink/1000G.EUR.QC.8.bim
Read 1 annotations for 549971 SNPs from ./custom_ldscores/hippocampus/low_prediction_hg19/hippocampus_low_prediction_hg19.8.annot.gz
Read list of 489 individuals from /ocean/projects/bio250020p/shared/resources/ldsc/1000G_EUR_Phase3_plink/1000G.EUR.QC.8.fam
Reading genotypes from /ocean/projects/bio250020p/shared/resources/ldsc/1000G_EUR_Phase3_plink/1000G.EUR.QC.8.bed
Estimating LD Score.
Reading list of 1190322 SNPs for which to print LD Scores from /ocean/projects/bio250020p/shared/resources/ldsc/w_hm3.snplist
Analysis finished at Mon Feb  2 23:20:17 2026
Total time elapsed: 1.0m:16.430000000000007s
