*********************************************************************
* LD Score Regression (LDSC)
* Version 1.0.1
* (C) 2014-2019 Brendan Bulik-Sullivan and Hilary Finucane
* Broad Institute of MIT and Harvard / MIT Department of Mathematics
* GNU General Public License v3
*********************************************************************
Call: 
./munge_sumstats.py \
--sumstats /projects/b1213/resources/gwas/imputed_gwas_hg38_1.1/imputed_IMMUNOBASE_Multiple_sclerosis_hg19.txt.gz \
--out ./sumstats/ms \
--merge-alleles /projects/b1213/resources/ldsc/w_hm3.snplist \
--chunksize 500000 \
--snp variant_id \
--N-col sample_size \
--a1 effect_allele \
--a2 non_effect_allele \
--p pvalue \
--frq frequency \
--signed-sumstats zscore,0 

Interpreting column names as follows:
variant_id:	Variant ID (e.g., rs number)
effect_allele:	Allele 1, interpreted as ref allele for signed sumstat.
non_effect_allele:	Allele 2, interpreted as non-ref allele for signed sumstat.
frequency:	Allele frequency
sample_size:	Sample size
zscore:	Directional summary statistic as specified by --signed-sumstats.
pvalue:	p-Value
n_cases:	Number of cases

Reading list of SNPs for allele merge from /projects/b1213/resources/ldsc/w_hm3.snplist
Read 1190321 SNPs for allele merge.
Reading sumstats from /projects/b1213/resources/gwas/imputed_gwas_hg38_1.1/imputed_IMMUNOBASE_Multiple_sclerosis_hg19.txt.gz into memory 500000 SNPs at a time.
Read 8867478 SNPs from --sumstats file.
Removed 5620 SNPs not in --merge-alleles.
Removed 8638647 SNPs with missing values.
Removed 0 SNPs with INFO <= 0.9.
Removed 0 SNPs with MAF <= 0.01.
Removed 0 SNPs with out-of-bounds p-values.
Removed 0 variants that were not SNPs or were strand-ambiguous.
223211 SNPs remain.
Removed 0 SNPs with duplicated rs numbers (223211 SNPs remain).
Removed 0 SNPs with N < 18065.333333333332 (223211 SNPs remain).
Median value of SIGNED_SUMSTATS was 0.0, which seems sensible.
Removed 0 SNPs whose alleles did not match --merge-alleles (223211 SNPs remain).
Writing summary statistics for 1190321 SNPs (223211 with nonmissing beta) to ./sumstats/ms.sumstats.gz.

Metadata:
Mean chi^2 = 1.105
Lambda GC = 1.042
Max chi^2 = 412.908
72 Genome-wide significant SNPs (some may have been removed by filtering).

Conversion finished at Tue Apr 21 11:35:42 2026
Total time elapsed: 43.19s
