*********************************************************************
* LD Score Regression (LDSC)
* Version 1.0.1
* (C) 2014-2019 Brendan Bulik-Sullivan and Hilary Finucane
* Broad Institute of MIT and Harvard / MIT Department of Mathematics
* GNU General Public License v3
*********************************************************************
Call: 
./munge_sumstats.py \
--sumstats ./sumstats/pd.single_rsid.tsv.gz \
--out ./sumstats/pd \
--merge-alleles /projects/b1213/resources/ldsc/w_hm3.snplist \
--chunksize 500000 \
--snp rsid \
--N-cas-col N_cases \
--N-con-col N_controls \
--a1 effect_allele \
--a2 other_allele \
--p p_value \
--frq effect_allele_frequency \
--signed-sumstats beta,0 

Interpreting column names as follows:
effect_allele:	Allele 1, interpreted as ref allele for signed sumstat.
other_allele:	Allele 2, interpreted as non-ref allele for signed sumstat.
beta:	Directional summary statistic as specified by --signed-sumstats.
effect_allele_frequency:	Allele frequency
p_value:	p-Value
rsid:	Variant ID (e.g., rs number)
N_cases:	Number of cases
N_controls:	Number of controls

Reading list of SNPs for allele merge from /projects/b1213/resources/ldsc/w_hm3.snplist
Read 1190321 SNPs for allele merge.
Reading sumstats from ./sumstats/pd.single_rsid.tsv.gz into memory 500000 SNPs at a time.
Read 17443094 SNPs from --sumstats file.
Removed 16255467 SNPs not in --merge-alleles.
Removed 0 SNPs with missing values.
Removed 0 SNPs with INFO <= 0.9.
Removed 9673 SNPs with MAF <= 0.01.
Removed 0 SNPs with out-of-bounds p-values.
Removed 314 variants that were not SNPs or were strand-ambiguous.
1177640 SNPs remain.
Removed 0 SNPs with duplicated rs numbers (1177640 SNPs remain).
Removed 52685 SNPs with N < 321819.9999999998 (1124955 SNPs remain).
Median value of SIGNED_SUMSTATS was 0.0, which seems sensible.
Removed 7 SNPs whose alleles did not match --merge-alleles (1124948 SNPs remain).
Writing summary statistics for 1190321 SNPs (1124948 with nonmissing beta) to ./sumstats/pd.sumstats.gz.

Metadata:
Mean chi^2 = 1.138
Lambda GC = 1.091
Max chi^2 = 180.422
274 Genome-wide significant SNPs (some may have been removed by filtering).

Conversion finished at Tue Apr 21 11:30:12 2026
Total time elapsed: 1.0m:11.340000000000003s
