*********************************************************************
* LD Score Regression (LDSC)
* Version 1.0.1
* (C) 2014-2019 Brendan Bulik-Sullivan and Hilary Finucane
* Broad Institute of MIT and Harvard / MIT Department of Mathematics
* GNU General Public License v3
*********************************************************************
Call: 
./munge_sumstats.py \
--sumstats /projects/b1213/resources/gwas/PGC/SCZ/PGC3/PGC3_SCZ_wave3.european.autosome.public.v3.vcf.tsv.gz \
--out ./sumstats/scz \
--merge-alleles /projects/b1213/resources/ldsc/w_hm3.snplist \
--chunksize 500000 \
--snp ID \
--N-cas-col NCAS \
--N-con-col NCON \
--a1 A1 \
--a2 A2 \
--p PVAL \
--frq FCAS \
--signed-sumstats BETA,0 \
--skip-rows 73 

Interpreting column names as follows:
ID:	Variant ID (e.g., rs number)
A1:	Allele 1, interpreted as ref allele for signed sumstat.
A2:	Allele 2, interpreted as non-ref allele for signed sumstat.
FCAS:	Allele frequency
BETA:	Directional summary statistic as specified by --signed-sumstats.
PVAL:	p-Value
NCAS:	Number of cases
NCON:	Number of controls

Reading list of SNPs for allele merge from /projects/b1213/resources/ldsc/w_hm3.snplist
Read 1190321 SNPs for allele merge.
Reading sumstats from /projects/b1213/resources/gwas/PGC/SCZ/PGC3/PGC3_SCZ_wave3.european.autosome.public.v3.vcf.tsv.gz into memory 500000 SNPs at a time.
Read 7659767 SNPs from --sumstats file.
Removed 6488419 SNPs not in --merge-alleles.
Removed 0 SNPs with missing values.
Removed 0 SNPs with INFO <= 0.9.
Removed 0 SNPs with MAF <= 0.01.
Removed 0 SNPs with out-of-bounds p-values.
Removed 0 variants that were not SNPs or were strand-ambiguous.
1171348 SNPs remain.
Removed 0 SNPs with duplicated rs numbers (1171348 SNPs remain).
Removed 2408 SNPs with N < 87095.99999999984 (1168940 SNPs remain).
Median value of SIGNED_SUMSTATS was -0.0005001250416822, which seems sensible.
Removed 3 SNPs whose alleles did not match --merge-alleles (1168937 SNPs remain).
Writing summary statistics for 1190321 SNPs (1168937 with nonmissing beta) to ./sumstats/scz.sumstats.gz.

Metadata:
Mean chi^2 = 2.06
Lambda GC = 1.748
Max chi^2 = 174.587
3510 Genome-wide significant SNPs (some may have been removed by filtering).

Conversion finished at Tue Apr 21 11:21:19 2026
Total time elapsed: 55.1s
