*********************************************************************
* LD Score Regression (LDSC)
* Version 1.0.1
* (C) 2014-2019 Brendan Bulik-Sullivan and Hilary Finucane
* Broad Institute of MIT and Harvard / MIT Department of Mathematics
* GNU General Public License v3
*********************************************************************
Call: 
./munge_sumstats.py \
--sumstats /projects/b1213/resources/gwas/stroke/29531354-GCST005843-HP_0002140-build37.f.tsv.gz \
--N 517525.0 \
--out ./sumstats/stroke \
--merge-alleles /projects/b1213/resources/ldsc/w_hm3.snplist \
--chunksize 500000 \
--snp variant_id \
--a1 effect_allele \
--a2 other_allele \
--p p_value \
--frq effect_allele_frequency \
--signed-sumstats beta,0 

Interpreting column names as follows:
variant_id:	Variant ID (e.g., rs number)
effect_allele:	Allele 1, interpreted as ref allele for signed sumstat.
other_allele:	Allele 2, interpreted as non-ref allele for signed sumstat.
effect_allele_frequency:	Allele frequency
beta:	Directional summary statistic as specified by --signed-sumstats.
p_value:	p-Value

Reading list of SNPs for allele merge from /projects/b1213/resources/ldsc/w_hm3.snplist
Read 1190321 SNPs for allele merge.
Reading sumstats from /projects/b1213/resources/gwas/stroke/29531354-GCST005843-HP_0002140-build37.f.tsv.gz into memory 500000 SNPs at a time.
Read 7691159 SNPs from --sumstats file.
Removed 6517785 SNPs not in --merge-alleles.
Removed 0 SNPs with missing values.
Removed 0 SNPs with INFO <= 0.9.
Removed 0 SNPs with MAF <= 0.01.
Removed 0 SNPs with out-of-bounds p-values.
Removed 0 variants that were not SNPs or were strand-ambiguous.
1173374 SNPs remain.
Removed 0 SNPs with duplicated rs numbers (1173374 SNPs remain).
Using N = 517525.0
Median value of SIGNED_SUMSTATS was 0.0, which seems sensible.
Removed 4 SNPs whose alleles did not match --merge-alleles (1173370 SNPs remain).
Writing summary statistics for 1190321 SNPs (1173370 with nonmissing beta) to ./sumstats/stroke.sumstats.gz.

Metadata:
Mean chi^2 = 1.166
Lambda GC = 1.144
Max chi^2 = 63.209
94 Genome-wide significant SNPs (some may have been removed by filtering).

Conversion finished at Tue Apr 21 11:31:07 2026
Total time elapsed: 46.63s
