*********************************************************************
* LD Score Regression (LDSC)
* Version 1.0.1
* (C) 2014-2019 Brendan Bulik-Sullivan and Hilary Finucane
* Broad Institute of MIT and Harvard / MIT Department of Mathematics
* GNU General Public License v3
*********************************************************************
Call: 
./ldsc.py \
--out ./custom_ldscores/caudate/caudate.15 \
--bfile /projects/b1213/resources/ldsc/1000G_EUR_Phase3_plink/1000G.EUR.QC.15 \
--l2  \
--ld-wind-cm 1.0 \
--print-snps /projects/b1213/resources/ldsc/hm3_no_MHC.list.txt \
--annot ./custom_ldscores/caudate/caudate.15.annot.gz \
--thin-annot  

Beginning analysis at Sun Apr 26 21:42:30 2026
Read list of 287001 SNPs from /projects/b1213/resources/ldsc/1000G_EUR_Phase3_plink/1000G.EUR.QC.15.bim
Read 5 annotations for 287001 SNPs from ./custom_ldscores/caudate/caudate.15.annot.gz
Read list of 489 individuals from /projects/b1213/resources/ldsc/1000G_EUR_Phase3_plink/1000G.EUR.QC.15.fam
Reading genotypes from /projects/b1213/resources/ldsc/1000G_EUR_Phase3_plink/1000G.EUR.QC.15.bed
Estimating LD Score.
Reading list of 1217311 SNPs for which to print LD Scores from /projects/b1213/resources/ldsc/hm3_no_MHC.list.txt
After merging with --print-snps, LD Scores for 35839 SNPs will be printed.
Writing LD Scores for 35839 SNPs to ./custom_ldscores/caudate/caudate.15.l2.ldscore.gz

Summary of LD Scores in ./custom_ldscores/caudate/caudate.15.l2.ldscore.gz
         MAF  ANNOT_Q1L2  ANNOT_Q2L2  ANNOT_Q3L2  ANNOT_Q4L2  ANNOT_Q5L2
mean  0.2379      0.0574      0.2298      0.0653      0.0458      0.0569
std   0.1441      0.4924      3.1752      0.4138      0.2233      0.2894
min   0.0051     -0.0691     -0.7184     -0.0359     -0.0281     -0.0306
25%   0.1104      0.0000      0.0000      0.0000      0.0000      0.0000
50%   0.2270      0.0000      0.0000      0.0000      0.0000      0.0000
75%   0.3640      0.0026      0.0014      0.0053      0.0041      0.0069
max   0.5000     15.4063    124.2896     11.8667      6.2383      7.5131

MAF/LD Score Correlation Matrix
               MAF  ANNOT_Q1L2  ANNOT_Q2L2  ANNOT_Q3L2  ANNOT_Q4L2  ANNOT_Q5L2
MAF         1.0000      0.0025      0.0025      0.0080      0.0333      0.0398
ANNOT_Q1L2  0.0025      1.0000      0.2957      0.2089      0.1694      0.1017
ANNOT_Q2L2  0.0025      0.2957      1.0000      0.0101      0.0058     -0.0115
ANNOT_Q3L2  0.0080      0.2089      0.0101      1.0000      0.0399      0.0745
ANNOT_Q4L2  0.0333      0.1694      0.0058      0.0399      1.0000      0.0992
ANNOT_Q5L2  0.0398      0.1017     -0.0115      0.0745      0.0992      1.0000

LD Score Matrix Condition Number
14.511604990734872

Annotation Correlation Matrix
          ANNOT_Q1  ANNOT_Q2  ANNOT_Q3  ANNOT_Q4  ANNOT_Q5
ANNOT_Q1    1.0000   -0.0011   -0.0005   -0.0005   -0.0006
ANNOT_Q2   -0.0011    1.0000   -0.0011   -0.0009   -0.0011
ANNOT_Q3   -0.0005   -0.0011    1.0000   -0.0004   -0.0006
ANNOT_Q4   -0.0005   -0.0009   -0.0004    1.0000   -0.0005
ANNOT_Q5   -0.0006   -0.0011   -0.0006   -0.0005    1.0000

Annotation Matrix Column Sums
ANNOT_Q1    160
ANNOT_Q2    602
ANNOT_Q3    152
ANNOT_Q4    109
ANNOT_Q5    166

Summary of Annotation Matrix Row Sums
count    287001.0000
mean          0.0041
std           0.0642
min           0.0000
25%           0.0000
50%           0.0000
75%           0.0000
max           1.0000
Analysis finished at Sun Apr 26 21:43:34 2026
Total time elapsed: 1.0m:4.230000000000004s
