*********************************************************************
* LD Score Regression (LDSC)
* Version 1.0.1
* (C) 2014-2019 Brendan Bulik-Sullivan and Hilary Finucane
* Broad Institute of MIT and Harvard / MIT Department of Mathematics
* GNU General Public License v3
*********************************************************************
Call: 
./ldsc.py \
--out ./custom_ldscores/caudate/caudate.11 \
--bfile /projects/b1213/resources/ldsc/1000G_EUR_Phase3_plink/1000G.EUR.QC.11 \
--l2  \
--ld-wind-cm 1.0 \
--print-snps /projects/b1213/resources/ldsc/hm3_no_MHC.list.txt \
--annot ./custom_ldscores/caudate/caudate.11.annot.gz \
--thin-annot  

Beginning analysis at Sun Apr 26 21:42:30 2026
Read list of 493922 SNPs from /projects/b1213/resources/ldsc/1000G_EUR_Phase3_plink/1000G.EUR.QC.11.bim
Read 5 annotations for 493922 SNPs from ./custom_ldscores/caudate/caudate.11.annot.gz
Read list of 489 individuals from /projects/b1213/resources/ldsc/1000G_EUR_Phase3_plink/1000G.EUR.QC.11.fam
Reading genotypes from /projects/b1213/resources/ldsc/1000G_EUR_Phase3_plink/1000G.EUR.QC.11.bed
Estimating LD Score.
Reading list of 1217311 SNPs for which to print LD Scores from /projects/b1213/resources/ldsc/hm3_no_MHC.list.txt
After merging with --print-snps, LD Scores for 60977 SNPs will be printed.
Writing LD Scores for 60977 SNPs to ./custom_ldscores/caudate/caudate.11.l2.ldscore.gz

Summary of LD Scores in ./custom_ldscores/caudate/caudate.11.l2.ldscore.gz
         MAF  ANNOT_Q1L2  ANNOT_Q2L2  ANNOT_Q3L2  ANNOT_Q4L2  ANNOT_Q5L2
mean  0.2398      0.0500      0.0575      0.0396      0.0421      0.1307
std   0.1420      0.2440      0.2601      0.1827      0.1734      0.6048
min   0.0051     -0.0344     -0.0392     -0.0314     -0.0315     -0.0513
25%   0.1155      0.0000      0.0000      0.0000      0.0000      0.0000
50%   0.2301      0.0000      0.0000      0.0000      0.0000      0.0000
75%   0.3609      0.0038      0.0036      0.0045      0.0076      0.0190
max   0.5000     10.0958      4.3809      5.2365      5.5115     12.1096

MAF/LD Score Correlation Matrix
               MAF  ANNOT_Q1L2  ANNOT_Q2L2  ANNOT_Q3L2  ANNOT_Q4L2  ANNOT_Q5L2
MAF         1.0000      0.0098      0.0393      0.0258      0.0263     -0.0222
ANNOT_Q1L2  0.0098      1.0000      0.1570      0.0643      0.1404      0.0372
ANNOT_Q2L2  0.0393      0.1570      1.0000      0.1793      0.2247      0.1672
ANNOT_Q3L2  0.0258      0.0643      0.1793      1.0000      0.1617      0.0294
ANNOT_Q4L2  0.0263      0.1404      0.2247      0.1617      1.0000      0.0630
ANNOT_Q5L2 -0.0222      0.0372      0.1672      0.0294      0.0630      1.0000

LD Score Matrix Condition Number
3.8779123411618324

Annotation Correlation Matrix
          ANNOT_Q1  ANNOT_Q2  ANNOT_Q3  ANNOT_Q4  ANNOT_Q5
ANNOT_Q1    1.0000   -0.0004   -0.0004   -0.0004   -0.0006
ANNOT_Q2   -0.0004    1.0000   -0.0004   -0.0004   -0.0006
ANNOT_Q3   -0.0004   -0.0004    1.0000   -0.0004   -0.0006
ANNOT_Q4   -0.0004   -0.0004   -0.0004    1.0000   -0.0006
ANNOT_Q5   -0.0006   -0.0006   -0.0006   -0.0006    1.0000

Annotation Matrix Column Sums
ANNOT_Q1    222
ANNOT_Q2    212
ANNOT_Q3    209
ANNOT_Q4    211
ANNOT_Q5    417

Summary of Annotation Matrix Row Sums
count    493922.0000
mean          0.0026
std           0.0507
min           0.0000
25%           0.0000
50%           0.0000
75%           0.0000
max           1.0000
Analysis finished at Sun Apr 26 21:45:30 2026
Total time elapsed: 3.0m:0.0800000000000125s
