*********************************************************************
* LD Score Regression (LDSC)
* Version 1.0.1
* (C) 2014-2019 Brendan Bulik-Sullivan and Hilary Finucane
* Broad Institute of MIT and Harvard / MIT Department of Mathematics
* GNU General Public License v3
*********************************************************************
Call: 
./ldsc.py \
--out ./custom_ldscores/caudate/caudate.14 \
--bfile /projects/b1213/resources/ldsc/1000G_EUR_Phase3_plink/1000G.EUR.QC.14 \
--l2  \
--ld-wind-cm 1.0 \
--print-snps /projects/b1213/resources/ldsc/hm3_no_MHC.list.txt \
--annot ./custom_ldscores/caudate/caudate.14.annot.gz \
--thin-annot  

Beginning analysis at Sun Apr 26 21:42:30 2026
Read list of 324698 SNPs from /projects/b1213/resources/ldsc/1000G_EUR_Phase3_plink/1000G.EUR.QC.14.bim
Read 5 annotations for 324698 SNPs from ./custom_ldscores/caudate/caudate.14.annot.gz
Read list of 489 individuals from /projects/b1213/resources/ldsc/1000G_EUR_Phase3_plink/1000G.EUR.QC.14.fam
Reading genotypes from /projects/b1213/resources/ldsc/1000G_EUR_Phase3_plink/1000G.EUR.QC.14.bed
Estimating LD Score.
Reading list of 1217311 SNPs for which to print LD Scores from /projects/b1213/resources/ldsc/hm3_no_MHC.list.txt
After merging with --print-snps, LD Scores for 39484 SNPs will be printed.
Writing LD Scores for 39484 SNPs to ./custom_ldscores/caudate/caudate.14.l2.ldscore.gz

Summary of LD Scores in ./custom_ldscores/caudate/caudate.14.l2.ldscore.gz
         MAF  ANNOT_Q1L2  ANNOT_Q2L2  ANNOT_Q3L2  ANNOT_Q4L2  ANNOT_Q5L2
mean  0.2321      0.0403      0.0654      0.0419      0.0436      0.0923
std   0.1424      0.2487      0.3367      0.3003      0.2199      0.3577
min   0.0051     -0.0424     -0.0377     -0.0373     -0.0303     -0.0359
25%   0.1074      0.0000      0.0000      0.0000      0.0000      0.0000
50%   0.2198      0.0000      0.0000      0.0000      0.0000      0.0000
75%   0.3507      0.0011      0.0045      0.0016      0.0030      0.0257
max   0.5000      9.1001      5.6709      9.1497      5.1487      7.0776

MAF/LD Score Correlation Matrix
               MAF  ANNOT_Q1L2  ANNOT_Q2L2  ANNOT_Q3L2  ANNOT_Q4L2  ANNOT_Q5L2
MAF         1.0000      0.0120     -0.0296      0.0272      0.0211      0.0336
ANNOT_Q1L2  0.0120      1.0000      0.3075      0.0854      0.1299      0.0277
ANNOT_Q2L2 -0.0296      0.3075      1.0000      0.0656      0.0602      0.0049
ANNOT_Q3L2  0.0272      0.0854      0.0656      1.0000      0.0837      0.0062
ANNOT_Q4L2  0.0211      0.1299      0.0602      0.0837      1.0000      0.0573
ANNOT_Q5L2  0.0336      0.0277      0.0049      0.0062      0.0573      1.0000

LD Score Matrix Condition Number
1.816024379081886

Annotation Correlation Matrix
          ANNOT_Q1  ANNOT_Q2  ANNOT_Q3  ANNOT_Q4  ANNOT_Q5
ANNOT_Q1    1.0000   -0.0006   -0.0005   -0.0006   -0.0007
ANNOT_Q2   -0.0006    1.0000   -0.0005   -0.0006   -0.0008
ANNOT_Q3   -0.0005   -0.0005    1.0000   -0.0005   -0.0006
ANNOT_Q4   -0.0006   -0.0006   -0.0005    1.0000   -0.0007
ANNOT_Q5   -0.0007   -0.0008   -0.0006   -0.0007    1.0000

Annotation Matrix Column Sums
ANNOT_Q1    178
ANNOT_Q2    197
ANNOT_Q3    146
ANNOT_Q4    183
ANNOT_Q5    303

Summary of Annotation Matrix Row Sums
count    324698.0000
mean          0.0031
std           0.0556
min           0.0000
25%           0.0000
50%           0.0000
75%           0.0000
max           1.0000
Analysis finished at Sun Apr 26 21:44:13 2026
Total time elapsed: 1.0m:42.53s
