*********************************************************************
* LD Score Regression (LDSC)
* Version 1.0.1
* (C) 2014-2019 Brendan Bulik-Sullivan and Hilary Finucane
* Broad Institute of MIT and Harvard / MIT Department of Mathematics
* GNU General Public License v3
*********************************************************************
Call: 
./ldsc.py \
--out ./custom_ldscores/caudate/caudate.17 \
--bfile /projects/b1213/resources/ldsc/1000G_EUR_Phase3_plink/1000G.EUR.QC.17 \
--l2  \
--ld-wind-cm 1.0 \
--print-snps /projects/b1213/resources/ldsc/hm3_no_MHC.list.txt \
--annot ./custom_ldscores/caudate/caudate.17.annot.gz \
--thin-annot  

Beginning analysis at Sun Apr 26 21:42:30 2026
Read list of 269222 SNPs from /projects/b1213/resources/ldsc/1000G_EUR_Phase3_plink/1000G.EUR.QC.17.bim
Read 5 annotations for 269222 SNPs from ./custom_ldscores/caudate/caudate.17.annot.gz
Read list of 489 individuals from /projects/b1213/resources/ldsc/1000G_EUR_Phase3_plink/1000G.EUR.QC.17.fam
Reading genotypes from /projects/b1213/resources/ldsc/1000G_EUR_Phase3_plink/1000G.EUR.QC.17.bed
Estimating LD Score.
Reading list of 1217311 SNPs for which to print LD Scores from /projects/b1213/resources/ldsc/hm3_no_MHC.list.txt
After merging with --print-snps, LD Scores for 32218 SNPs will be printed.
Writing LD Scores for 32218 SNPs to ./custom_ldscores/caudate/caudate.17.l2.ldscore.gz

Summary of LD Scores in ./custom_ldscores/caudate/caudate.17.l2.ldscore.gz
         MAF  ANNOT_Q1L2  ANNOT_Q2L2  ANNOT_Q3L2  ANNOT_Q4L2  ANNOT_Q5L2
mean  0.2428      0.0416      0.0525      0.0365      0.0513      0.0349
std   0.1444      0.1918      0.2135      0.1805      0.2132      0.1793
min   0.0051     -0.0171     -0.0359     -0.0253     -0.0242     -0.0242
25%   0.1145      0.0000      0.0000      0.0000      0.0000      0.0000
50%   0.2352      0.0000      0.0000      0.0000      0.0000      0.0000
75%   0.3681      0.0044      0.0137      0.0056      0.0081      0.0036
max   0.5000      3.0045      6.0137      4.5175      4.3121      4.6875

MAF/LD Score Correlation Matrix
               MAF  ANNOT_Q1L2  ANNOT_Q2L2  ANNOT_Q3L2  ANNOT_Q4L2  ANNOT_Q5L2
MAF         1.0000      0.0874      0.0256      0.0373      0.0290      0.0553
ANNOT_Q1L2  0.0874      1.0000      0.0466      0.0396      0.1574      0.0254
ANNOT_Q2L2  0.0256      0.0466      1.0000      0.1057      0.1298      0.0672
ANNOT_Q3L2  0.0373      0.0396      0.1057      1.0000      0.1056      0.0266
ANNOT_Q4L2  0.0290      0.1574      0.1298      0.1056      1.0000      0.0331
ANNOT_Q5L2  0.0553      0.0254      0.0672      0.0266      0.0331      1.0000

LD Score Matrix Condition Number
1.441900733751706

Annotation Correlation Matrix
          ANNOT_Q1  ANNOT_Q2  ANNOT_Q3  ANNOT_Q4  ANNOT_Q5
ANNOT_Q1    1.0000   -0.0005   -0.0004   -0.0005   -0.0004
ANNOT_Q2   -0.0005    1.0000   -0.0006   -0.0007   -0.0006
ANNOT_Q3   -0.0004   -0.0006    1.0000   -0.0006   -0.0005
ANNOT_Q4   -0.0005   -0.0007   -0.0006    1.0000   -0.0005
ANNOT_Q5   -0.0004   -0.0006   -0.0005   -0.0005    1.0000

Annotation Matrix Column Sums
ANNOT_Q1     93
ANNOT_Q2    197
ANNOT_Q3    155
ANNOT_Q4    165
ANNOT_Q5    112

Summary of Annotation Matrix Row Sums
count    269222.0000
mean          0.0027
std           0.0517
min           0.0000
25%           0.0000
50%           0.0000
75%           0.0000
max           1.0000
Analysis finished at Sun Apr 26 21:43:31 2026
Total time elapsed: 1.0m:1.2700000000000031s
