*********************************************************************
* LD Score Regression (LDSC)
* Version 1.0.1
* (C) 2014-2019 Brendan Bulik-Sullivan and Hilary Finucane
* Broad Institute of MIT and Harvard / MIT Department of Mathematics
* GNU General Public License v3
*********************************************************************
Call: 
./munge_sumstats.py \
--sumstats /projects/b1213/resources/gwas/gscan2/hg19/GSCAN_SmkInit_2022_GWAS_SUMMARY_STATS_EUR.txt \
--N 518633.0 \
--out ./sumstats/smoking \
--merge-alleles /projects/b1213/resources/ldsc/w_hm3.snplist \
--chunksize 500000 \
--snp MarkerName \
--a1 A1 \
--a2 A2 \
--p Pval \
--frq EAF_A1 \
--signed-sumstats Beta,0 

Interpreting column names as follows:
RSID:	Variant ID (e.g., rs number)
EFFECT_ALLELE:	Allele 1, interpreted as ref allele for signed sumstat.
OTHER_ALLELE:	Allele 2, interpreted as non-ref allele for signed sumstat.
BETA:	Directional summary statistic as specified by --signed-sumstats.
P:	p-Value
N:	Sample size

Reading list of SNPs for allele merge from /projects/b1213/resources/ldsc/w_hm3.snplist
Read 1190321 SNPs for allele merge.
Reading sumstats from /projects/b1213/resources/gwas/gscan2/hg19/GSCAN_SmkInit_2022_GWAS_SUMMARY_STATS_EUR.txt into memory 500000 SNPs at a time.
Read 13556149 SNPs from --sumstats file.
Removed 12371265 SNPs not in --merge-alleles.
Removed 572 SNPs with missing values.
Removed 0 SNPs with INFO <= 0.9.
Removed 0 SNPs with MAF <= 0.01.
Removed 0 SNPs with out-of-bounds p-values.
Removed 5 variants that were not SNPs or were strand-ambiguous.
1184307 SNPs remain.
Removed 0 SNPs with duplicated rs numbers (1184307 SNPs remain).
Removed 146 SNPs with N < 536954.0 (1184161 SNPs remain).
Median value of SIGNED_SUMSTATS was 1.6e-05, which seems sensible.
Removed 1 SNPs whose alleles did not match --merge-alleles (1184160 SNPs remain).
Writing summary statistics for 1190321 SNPs (1184160 with nonmissing beta) to ./sumstats/smoking.sumstats.gz.

Metadata:
Mean chi^2 = 2.42
Lambda GC = 1.968
Max chi^2 = 291.477
5487 Genome-wide significant SNPs (some may have been removed by filtering).

Conversion finished at Tue Apr 21 11:34:57 2026
Total time elapsed: 56.05s
