*********************************************************************
* LD Score Regression (LDSC)
* Version 1.0.1
* (C) 2014-2019 Brendan Bulik-Sullivan and Hilary Finucane
* Broad Institute of MIT and Harvard / MIT Department of Mathematics
* GNU General Public License v3
*********************************************************************
Call: 
./ldsc.py \
--out ./custom_ldscores/caudate/caudate.10 \
--bfile /projects/b1213/resources/ldsc/1000G_EUR_Phase3_plink/1000G.EUR.QC.10 \
--l2  \
--ld-wind-cm 1.0 \
--print-snps /projects/b1213/resources/ldsc/hm3_no_MHC.list.txt \
--annot ./custom_ldscores/caudate/caudate.10.annot.gz \
--thin-annot  

Beginning analysis at Sun Apr 26 21:42:30 2026
Read list of 510501 SNPs from /projects/b1213/resources/ldsc/1000G_EUR_Phase3_plink/1000G.EUR.QC.10.bim
Read 5 annotations for 510501 SNPs from ./custom_ldscores/caudate/caudate.10.annot.gz
Read list of 489 individuals from /projects/b1213/resources/ldsc/1000G_EUR_Phase3_plink/1000G.EUR.QC.10.fam
Reading genotypes from /projects/b1213/resources/ldsc/1000G_EUR_Phase3_plink/1000G.EUR.QC.10.bed
Estimating LD Score.
Reading list of 1217311 SNPs for which to print LD Scores from /projects/b1213/resources/ldsc/hm3_no_MHC.list.txt
After merging with --print-snps, LD Scores for 64067 SNPs will be printed.
Writing LD Scores for 64067 SNPs to ./custom_ldscores/caudate/caudate.10.l2.ldscore.gz

Summary of LD Scores in ./custom_ldscores/caudate/caudate.10.l2.ldscore.gz
         MAF  ANNOT_Q1L2  ANNOT_Q2L2  ANNOT_Q3L2  ANNOT_Q4L2  ANNOT_Q5L2
mean  0.2328      0.0551      0.0537      0.0656      0.0631      0.1692
std   0.1426      0.4086      0.3062      0.3863      0.3047      0.8386
min   0.0051     -0.0295     -0.0340     -0.0524     -0.0303     -0.0996
25%   0.1074      0.0000      0.0000      0.0000      0.0000      0.0000
50%   0.2198      0.0000      0.0000      0.0000      0.0000      0.0000
75%   0.3538      0.0044      0.0076      0.0029      0.0100      0.0312
max   0.5000      8.2244     10.4168     12.6689      5.2965     20.5506

MAF/LD Score Correlation Matrix
               MAF  ANNOT_Q1L2  ANNOT_Q2L2  ANNOT_Q3L2  ANNOT_Q4L2  ANNOT_Q5L2
MAF         1.0000     -0.0328      0.0271      0.0427     -0.0115      0.0332
ANNOT_Q1L2 -0.0328      1.0000      0.1782      0.0814      0.5872     -0.0132
ANNOT_Q2L2  0.0271      0.1782      1.0000      0.3669      0.1132     -0.0157
ANNOT_Q3L2  0.0427      0.0814      0.3669      1.0000      0.1864     -0.0238
ANNOT_Q4L2 -0.0115      0.5872      0.1132      0.1864      1.0000     -0.0136
ANNOT_Q5L2  0.0332     -0.0132     -0.0157     -0.0238     -0.0136      1.0000

LD Score Matrix Condition Number
4.028446957203992

Annotation Correlation Matrix
          ANNOT_Q1  ANNOT_Q2  ANNOT_Q3  ANNOT_Q4  ANNOT_Q5
ANNOT_Q1    1.0000   -0.0005   -0.0005   -0.0005   -0.0007
ANNOT_Q2   -0.0005    1.0000   -0.0005   -0.0005   -0.0008
ANNOT_Q3   -0.0005   -0.0005    1.0000   -0.0006   -0.0008
ANNOT_Q4   -0.0005   -0.0005   -0.0006    1.0000   -0.0008
ANNOT_Q5   -0.0007   -0.0008   -0.0008   -0.0008    1.0000

Annotation Matrix Column Sums
ANNOT_Q1    206
ANNOT_Q2    263
ANNOT_Q3    287
ANNOT_Q4    283
ANNOT_Q5    638

Summary of Annotation Matrix Row Sums
count    510501.0000
mean          0.0033
std           0.0572
min           0.0000
25%           0.0000
50%           0.0000
75%           0.0000
max           1.0000
Analysis finished at Sun Apr 26 21:45:02 2026
Total time elapsed: 2.0m:31.97999999999999s
