*********************************************************************
* LD Score Regression (LDSC)
* Version 1.0.1
* (C) 2014-2019 Brendan Bulik-Sullivan and Hilary Finucane
* Broad Institute of MIT and Harvard / MIT Department of Mathematics
* GNU General Public License v3
*********************************************************************
Call: 
./ldsc.py \
--out ./custom_ldscores/caudate/caudate.4 \
--bfile /projects/b1213/resources/ldsc/1000G_EUR_Phase3_plink/1000G.EUR.QC.4 \
--l2  \
--ld-wind-cm 1.0 \
--print-snps /projects/b1213/resources/ldsc/hm3_no_MHC.list.txt \
--annot ./custom_ldscores/caudate/caudate.4.annot.gz \
--thin-annot  

Beginning analysis at Sun Apr 26 21:42:30 2026
Read list of 729645 SNPs from /projects/b1213/resources/ldsc/1000G_EUR_Phase3_plink/1000G.EUR.QC.4.bim
Read 5 annotations for 729645 SNPs from ./custom_ldscores/caudate/caudate.4.annot.gz
Read list of 489 individuals from /projects/b1213/resources/ldsc/1000G_EUR_Phase3_plink/1000G.EUR.QC.4.fam
Reading genotypes from /projects/b1213/resources/ldsc/1000G_EUR_Phase3_plink/1000G.EUR.QC.4.bed
Estimating LD Score.
Reading list of 1217311 SNPs for which to print LD Scores from /projects/b1213/resources/ldsc/hm3_no_MHC.list.txt
After merging with --print-snps, LD Scores for 74924 SNPs will be printed.
Writing LD Scores for 74924 SNPs to ./custom_ldscores/caudate/caudate.4.l2.ldscore.gz

Summary of LD Scores in ./custom_ldscores/caudate/caudate.4.l2.ldscore.gz
         MAF  ANNOT_Q1L2  ANNOT_Q2L2  ANNOT_Q3L2  ANNOT_Q4L2  ANNOT_Q5L2
mean  0.2375      0.0250      0.0361      0.0607      0.1003      0.3150
std   0.1422      0.1872      0.2143      0.3241      1.6085      1.3053
min   0.0051     -0.0371     -0.0284     -0.2967     -0.3068     -0.1321
25%   0.1125      0.0000      0.0000      0.0000      0.0000      0.0000
50%   0.2301      0.0000      0.0000      0.0000      0.0000      0.0120
75%   0.3579      0.0000      0.0002      0.0009      0.0016      0.1035
max   0.5000      6.0137      4.9330      9.3963     76.9217     29.9963

MAF/LD Score Correlation Matrix
               MAF  ANNOT_Q1L2  ANNOT_Q2L2  ANNOT_Q3L2  ANNOT_Q4L2  ANNOT_Q5L2
MAF         1.0000     -0.0041      0.0187      0.0316      0.0159      0.0186
ANNOT_Q1L2 -0.0041      1.0000      0.0908      0.0739      0.0093      0.0035
ANNOT_Q2L2  0.0187      0.0908      1.0000      0.0951      0.0179      0.0185
ANNOT_Q3L2  0.0316      0.0739      0.0951      1.0000      0.3454      0.2229
ANNOT_Q4L2  0.0159      0.0093      0.0179      0.3454      1.0000      0.3439
ANNOT_Q5L2  0.0186      0.0035      0.0185      0.2229      0.3439      1.0000

LD Score Matrix Condition Number
9.50462709062103

Annotation Correlation Matrix
          ANNOT_Q1  ANNOT_Q2  ANNOT_Q3  ANNOT_Q4  ANNOT_Q5
ANNOT_Q1    1.0000   -0.0003   -0.0004   -0.0005   -0.0007
ANNOT_Q2   -0.0003    1.0000   -0.0005   -0.0006   -0.0009
ANNOT_Q3   -0.0004   -0.0005    1.0000   -0.0009   -0.0013
ANNOT_Q4   -0.0005   -0.0006   -0.0009    1.0000   -0.0016
ANNOT_Q5   -0.0007   -0.0009   -0.0013   -0.0016    1.0000

Annotation Matrix Column Sums
ANNOT_Q1     175
ANNOT_Q2     259
ANNOT_Q3     550
ANNOT_Q4     855
ANNOT_Q5    1573

Summary of Annotation Matrix Row Sums
count    729645.0000
mean          0.0047
std           0.0682
min           0.0000
25%           0.0000
50%           0.0000
75%           0.0000
max           1.0000
Analysis finished at Sun Apr 26 21:46:37 2026
Total time elapsed: 4.0m:7.3700000000000045s
