*********************************************************************
* LD Score Regression (LDSC)
* Version 1.0.1
* (C) 2014-2019 Brendan Bulik-Sullivan and Hilary Finucane
* Broad Institute of MIT and Harvard / MIT Department of Mathematics
* GNU General Public License v3
*********************************************************************
Call: 
./ldsc.py \
--out ./custom_ldscores/caudate/caudate.12 \
--bfile /projects/b1213/resources/ldsc/1000G_EUR_Phase3_plink/1000G.EUR.QC.12 \
--l2  \
--ld-wind-cm 1.0 \
--print-snps /projects/b1213/resources/ldsc/hm3_no_MHC.list.txt \
--annot ./custom_ldscores/caudate/caudate.12.annot.gz \
--thin-annot  

Beginning analysis at Sun Apr 26 21:42:30 2026
Read list of 480110 SNPs from /projects/b1213/resources/ldsc/1000G_EUR_Phase3_plink/1000G.EUR.QC.12.bim
Read 5 annotations for 480110 SNPs from ./custom_ldscores/caudate/caudate.12.annot.gz
Read list of 489 individuals from /projects/b1213/resources/ldsc/1000G_EUR_Phase3_plink/1000G.EUR.QC.12.fam
Reading genotypes from /projects/b1213/resources/ldsc/1000G_EUR_Phase3_plink/1000G.EUR.QC.12.bed
Estimating LD Score.
Reading list of 1217311 SNPs for which to print LD Scores from /projects/b1213/resources/ldsc/hm3_no_MHC.list.txt
After merging with --print-snps, LD Scores for 58543 SNPs will be printed.
Writing LD Scores for 58543 SNPs to ./custom_ldscores/caudate/caudate.12.l2.ldscore.gz

Summary of LD Scores in ./custom_ldscores/caudate/caudate.12.l2.ldscore.gz
         MAF  ANNOT_Q1L2  ANNOT_Q2L2  ANNOT_Q3L2  ANNOT_Q4L2  ANNOT_Q5L2
mean  0.2334      0.0725      0.0491      0.0464      0.0464      0.1982
std   0.1429      0.3124      0.2821      0.2366      0.2561      1.5238
min   0.0051     -0.0308     -0.0626     -0.0294     -0.0325     -0.2209
25%   0.1084      0.0000      0.0000      0.0000      0.0000      0.0000
50%   0.2209      0.0000      0.0000      0.0000      0.0000      0.0000
75%   0.3558      0.0085      0.0027      0.0035      0.0015      0.0284
max   0.5000      5.3982      6.1917      8.9950      8.0387     40.0876

MAF/LD Score Correlation Matrix
               MAF  ANNOT_Q1L2  ANNOT_Q2L2  ANNOT_Q3L2  ANNOT_Q4L2  ANNOT_Q5L2
MAF         1.0000      0.0490      0.0301      0.0393      0.0014      0.0492
ANNOT_Q1L2  0.0490      1.0000      0.2678      0.1264      0.3175     -0.0073
ANNOT_Q2L2  0.0301      0.2678      1.0000      0.1302      0.3277      0.0389
ANNOT_Q3L2  0.0393      0.1264      0.1302      1.0000      0.2023      0.0062
ANNOT_Q4L2  0.0014      0.3175      0.3277      0.2023      1.0000      0.0036
ANNOT_Q5L2  0.0492     -0.0073      0.0389      0.0062      0.0036      1.0000

LD Score Matrix Condition Number
7.311823053405821

Annotation Correlation Matrix
          ANNOT_Q1  ANNOT_Q2  ANNOT_Q3  ANNOT_Q4  ANNOT_Q5
ANNOT_Q1    1.0000   -0.0005   -0.0005   -0.0005   -0.0008
ANNOT_Q2   -0.0005    1.0000   -0.0005   -0.0005   -0.0008
ANNOT_Q3   -0.0005   -0.0005    1.0000   -0.0005   -0.0008
ANNOT_Q4   -0.0005   -0.0005   -0.0005    1.0000   -0.0008
ANNOT_Q5   -0.0008   -0.0008   -0.0008   -0.0008    1.0000

Annotation Matrix Column Sums
ANNOT_Q1    226
ANNOT_Q2    221
ANNOT_Q3    250
ANNOT_Q4    222
ANNOT_Q5    638

Summary of Annotation Matrix Row Sums
count    480110.0000
mean          0.0032
std           0.0569
min           0.0000
25%           0.0000
50%           0.0000
75%           0.0000
max           1.0000
Analysis finished at Sun Apr 26 21:44:18 2026
Total time elapsed: 1.0m:48.45s
