*********************************************************************
* LD Score Regression (LDSC)
* Version 1.0.1
* (C) 2014-2019 Brendan Bulik-Sullivan and Hilary Finucane
* Broad Institute of MIT and Harvard / MIT Department of Mathematics
* GNU General Public License v3
*********************************************************************
Call: 
./ldsc.py \
--out ./custom_ldscores/caudate/caudate.1 \
--bfile /projects/b1213/resources/ldsc/1000G_EUR_Phase3_plink/1000G.EUR.QC.1 \
--l2  \
--ld-wind-cm 1.0 \
--print-snps /projects/b1213/resources/ldsc/hm3_no_MHC.list.txt \
--annot ./custom_ldscores/caudate/caudate.1.annot.gz \
--thin-annot  

Beginning analysis at Sun Apr 26 21:41:32 2026
Read list of 779354 SNPs from /projects/b1213/resources/ldsc/1000G_EUR_Phase3_plink/1000G.EUR.QC.1.bim
Read 5 annotations for 779354 SNPs from ./custom_ldscores/caudate/caudate.1.annot.gz
Read list of 489 individuals from /projects/b1213/resources/ldsc/1000G_EUR_Phase3_plink/1000G.EUR.QC.1.fam
Reading genotypes from /projects/b1213/resources/ldsc/1000G_EUR_Phase3_plink/1000G.EUR.QC.1.bed
Estimating LD Score.
Reading list of 1217311 SNPs for which to print LD Scores from /projects/b1213/resources/ldsc/hm3_no_MHC.list.txt
After merging with --print-snps, LD Scores for 98642 SNPs will be printed.
Writing LD Scores for 98642 SNPs to ./custom_ldscores/caudate/caudate.1.l2.ldscore.gz

Summary of LD Scores in ./custom_ldscores/caudate/caudate.1.l2.ldscore.gz
         MAF  ANNOT_Q1L2  ANNOT_Q2L2  ANNOT_Q3L2  ANNOT_Q4L2  ANNOT_Q5L2
mean  0.2346      0.0495      0.0380      0.0301      0.0507      0.1314
std   0.1432      0.2756      0.2458      0.1757      0.3013      0.8441
min   0.0051     -0.0311     -0.0492     -0.0406     -0.0466     -0.1174
25%   0.1084      0.0000      0.0000      0.0000      0.0000      0.0000
50%   0.2239      0.0000      0.0000      0.0000      0.0000      0.0000
75%   0.3558      0.0027      0.0004      0.0019      0.0024      0.0203
max   0.5000     12.1475      8.3814     10.2959     10.7476     33.9066

MAF/LD Score Correlation Matrix
               MAF  ANNOT_Q1L2  ANNOT_Q2L2  ANNOT_Q3L2  ANNOT_Q4L2  ANNOT_Q5L2
MAF         1.0000      0.0303      0.0169      0.0058      0.0374      0.0469
ANNOT_Q1L2  0.0303      1.0000      0.3074      0.1597      0.1323      0.0047
ANNOT_Q2L2  0.0169      0.3074      1.0000      0.1087      0.0741      0.0214
ANNOT_Q3L2  0.0058      0.1597      0.1087      1.0000      0.0903      0.0262
ANNOT_Q4L2  0.0374      0.1323      0.0741      0.0903      1.0000      0.0282
ANNOT_Q5L2  0.0469      0.0047      0.0214      0.0262      0.0282      1.0000

LD Score Matrix Condition Number
4.961463540559598

Annotation Correlation Matrix
          ANNOT_Q1  ANNOT_Q2  ANNOT_Q3  ANNOT_Q4  ANNOT_Q5
ANNOT_Q1    1.0000   -0.0004   -0.0004   -0.0005   -0.0007
ANNOT_Q2   -0.0004    1.0000   -0.0004   -0.0004   -0.0006
ANNOT_Q3   -0.0004   -0.0004    1.0000   -0.0005   -0.0006
ANNOT_Q4   -0.0005   -0.0004   -0.0005    1.0000   -0.0007
ANNOT_Q5   -0.0007   -0.0006   -0.0006   -0.0007    1.0000

Annotation Matrix Column Sums
ANNOT_Q1    337
ANNOT_Q2    300
ANNOT_Q3    326
ANNOT_Q4    392
ANNOT_Q5    778

Summary of Annotation Matrix Row Sums
count    779354.0000
mean          0.0027
std           0.0522
min           0.0000
25%           0.0000
50%           0.0000
75%           0.0000
max           1.0000
Analysis finished at Sun Apr 26 21:45:03 2026
Total time elapsed: 3.0m:30.310000000000002s
