*********************************************************************
* LD Score Regression (LDSC)
* Version 1.0.1
* (C) 2014-2019 Brendan Bulik-Sullivan and Hilary Finucane
* Broad Institute of MIT and Harvard / MIT Department of Mathematics
* GNU General Public License v3
*********************************************************************
Call: 
./ldsc.py \
--out ./custom_ldscores/caudate/caudate.5 \
--bfile /projects/b1213/resources/ldsc/1000G_EUR_Phase3_plink/1000G.EUR.QC.5 \
--l2  \
--ld-wind-cm 1.0 \
--print-snps /projects/b1213/resources/ldsc/hm3_no_MHC.list.txt \
--annot ./custom_ldscores/caudate/caudate.5.annot.gz \
--thin-annot  

Beginning analysis at Sun Apr 26 21:42:30 2026
Read list of 633015 SNPs from /projects/b1213/resources/ldsc/1000G_EUR_Phase3_plink/1000G.EUR.QC.5.bim
Read 5 annotations for 633015 SNPs from ./custom_ldscores/caudate/caudate.5.annot.gz
Read list of 489 individuals from /projects/b1213/resources/ldsc/1000G_EUR_Phase3_plink/1000G.EUR.QC.5.fam
Reading genotypes from /projects/b1213/resources/ldsc/1000G_EUR_Phase3_plink/1000G.EUR.QC.5.bed
Estimating LD Score.
Reading list of 1217311 SNPs for which to print LD Scores from /projects/b1213/resources/ldsc/hm3_no_MHC.list.txt
After merging with --print-snps, LD Scores for 75164 SNPs will be printed.
Writing LD Scores for 75164 SNPs to ./custom_ldscores/caudate/caudate.5.l2.ldscore.gz

Summary of LD Scores in ./custom_ldscores/caudate/caudate.5.l2.ldscore.gz
         MAF  ANNOT_Q1L2  ANNOT_Q2L2  ANNOT_Q3L2  ANNOT_Q4L2  ANNOT_Q5L2
mean  0.2369      0.0513      0.0512      0.0491      0.0352      0.1927
std   0.1421      0.2765      0.2693      0.3069      0.2148      1.2186
min   0.0051     -0.0318     -0.0402     -0.0649     -0.0312     -0.1798
25%   0.1125      0.0000      0.0000      0.0000      0.0000      0.0000
50%   0.2280      0.0000      0.0000      0.0000      0.0000      0.0000
75%   0.3569      0.0072      0.0055      0.0025      0.0028      0.0339
max   0.5000      8.1038      7.9698     14.0681      5.7661     65.6955

MAF/LD Score Correlation Matrix
               MAF  ANNOT_Q1L2  ANNOT_Q2L2  ANNOT_Q3L2  ANNOT_Q4L2  ANNOT_Q5L2
MAF         1.0000      0.0148      0.0542      0.0468      0.0131      0.0402
ANNOT_Q1L2  0.0148      1.0000      0.3167      0.0393      0.1445      0.0145
ANNOT_Q2L2  0.0542      0.3167      1.0000      0.1114      0.2030      0.0088
ANNOT_Q3L2  0.0468      0.0393      0.1114      1.0000      0.0620      0.0161
ANNOT_Q4L2  0.0131      0.1445      0.2030      0.0620      1.0000      0.0094
ANNOT_Q5L2  0.0402      0.0145      0.0088      0.0161      0.0094      1.0000

LD Score Matrix Condition Number
6.033556386135988

Annotation Correlation Matrix
          ANNOT_Q1  ANNOT_Q2  ANNOT_Q3  ANNOT_Q4  ANNOT_Q5
ANNOT_Q1    1.0000   -0.0005   -0.0005   -0.0004   -0.0008
ANNOT_Q2   -0.0005    1.0000   -0.0005   -0.0005   -0.0008
ANNOT_Q3   -0.0005   -0.0005    1.0000   -0.0005   -0.0009
ANNOT_Q4   -0.0004   -0.0005   -0.0005    1.0000   -0.0008
ANNOT_Q5   -0.0008   -0.0008   -0.0009   -0.0008    1.0000

Annotation Matrix Column Sums
ANNOT_Q1    289
ANNOT_Q2    310
ANNOT_Q3    342
ANNOT_Q4    262
ANNOT_Q5    895

Summary of Annotation Matrix Row Sums
count    633015.0000
mean          0.0033
std           0.0575
min           0.0000
25%           0.0000
50%           0.0000
75%           0.0000
max           1.0000
Analysis finished at Sun Apr 26 21:45:59 2026
Total time elapsed: 3.0m:29.389999999999986s
