*********************************************************************
* LD Score Regression (LDSC)
* Version 1.0.1
* (C) 2014-2019 Brendan Bulik-Sullivan and Hilary Finucane
* Broad Institute of MIT and Harvard / MIT Department of Mathematics
* GNU General Public License v3
*********************************************************************
Call: 
./ldsc.py \
--out ./custom_ldscores/caudate/caudate.3 \
--bfile /projects/b1213/resources/ldsc/1000G_EUR_Phase3_plink/1000G.EUR.QC.3 \
--l2  \
--ld-wind-cm 1.0 \
--print-snps /projects/b1213/resources/ldsc/hm3_no_MHC.list.txt \
--annot ./custom_ldscores/caudate/caudate.3.annot.gz \
--thin-annot  

Beginning analysis at Sun Apr 26 21:42:30 2026
Read list of 706350 SNPs from /projects/b1213/resources/ldsc/1000G_EUR_Phase3_plink/1000G.EUR.QC.3.bim
Read 5 annotations for 706350 SNPs from ./custom_ldscores/caudate/caudate.3.annot.gz
Read list of 489 individuals from /projects/b1213/resources/ldsc/1000G_EUR_Phase3_plink/1000G.EUR.QC.3.fam
Reading genotypes from /projects/b1213/resources/ldsc/1000G_EUR_Phase3_plink/1000G.EUR.QC.3.bed
Estimating LD Score.
Reading list of 1217311 SNPs for which to print LD Scores from /projects/b1213/resources/ldsc/hm3_no_MHC.list.txt
After merging with --print-snps, LD Scores for 83036 SNPs will be printed.
Writing LD Scores for 83036 SNPs to ./custom_ldscores/caudate/caudate.3.l2.ldscore.gz

Summary of LD Scores in ./custom_ldscores/caudate/caudate.3.l2.ldscore.gz
         MAF  ANNOT_Q1L2  ANNOT_Q2L2  ANNOT_Q3L2  ANNOT_Q4L2  ANNOT_Q5L2
mean  0.2408      0.0831      0.0438      0.0422      0.0522      0.1470
std   0.1426      0.5022      0.2317      0.2391      0.4588      0.6510
min   0.0051     -0.1098     -0.0379     -0.0347     -0.0953     -0.0765
25%   0.1166      0.0000      0.0000      0.0000      0.0000      0.0000
50%   0.2321      0.0000      0.0000      0.0000      0.0000      0.0000
75%   0.3630      0.0082      0.0043      0.0062      0.0040      0.0347
max   0.5000     24.2141      8.1228      7.5922     23.9522     20.3139

MAF/LD Score Correlation Matrix
               MAF  ANNOT_Q1L2  ANNOT_Q2L2  ANNOT_Q3L2  ANNOT_Q4L2  ANNOT_Q5L2
MAF         1.0000      0.0263      0.0266      0.0111     -0.0056      0.0238
ANNOT_Q1L2  0.0263      1.0000      0.1964      0.3248      0.0225      0.0213
ANNOT_Q2L2  0.0266      0.1964      1.0000      0.1768      0.0393      0.0149
ANNOT_Q3L2  0.0111      0.3248      0.1768      1.0000      0.0555      0.0152
ANNOT_Q4L2 -0.0056      0.0225      0.0393      0.0555      1.0000      0.4522
ANNOT_Q5L2  0.0238      0.0213      0.0149      0.0152      0.4522      1.0000

LD Score Matrix Condition Number
3.3878662089163822

Annotation Correlation Matrix
          ANNOT_Q1  ANNOT_Q2  ANNOT_Q3  ANNOT_Q4  ANNOT_Q5
ANNOT_Q1    1.0000   -0.0005   -0.0005   -0.0006   -0.0009
ANNOT_Q2   -0.0005    1.0000   -0.0004   -0.0005   -0.0007
ANNOT_Q3   -0.0005   -0.0004    1.0000   -0.0004   -0.0007
ANNOT_Q4   -0.0006   -0.0005   -0.0004    1.0000   -0.0008
ANNOT_Q5   -0.0009   -0.0007   -0.0007   -0.0008    1.0000

Annotation Matrix Column Sums
ANNOT_Q1    443
ANNOT_Q2    301
ANNOT_Q3    259
ANNOT_Q4    380
ANNOT_Q5    883

Summary of Annotation Matrix Row Sums
count    706350.0000
mean          0.0032
std           0.0565
min           0.0000
25%           0.0000
50%           0.0000
75%           0.0000
max           1.0000
Analysis finished at Sun Apr 26 21:46:29 2026
Total time elapsed: 3.0m:58.77000000000001s
