*********************************************************************
* LD Score Regression (LDSC)
* Version 1.0.1
* (C) 2014-2019 Brendan Bulik-Sullivan and Hilary Finucane
* Broad Institute of MIT and Harvard / MIT Department of Mathematics
* GNU General Public License v3
*********************************************************************
Call: 
./ldsc.py \
--out ./custom_ldscores/caudate/caudate.2 \
--bfile /projects/b1213/resources/ldsc/1000G_EUR_Phase3_plink/1000G.EUR.QC.2 \
--l2  \
--ld-wind-cm 1.0 \
--print-snps /projects/b1213/resources/ldsc/hm3_no_MHC.list.txt \
--annot ./custom_ldscores/caudate/caudate.2.annot.gz \
--thin-annot  

Beginning analysis at Sun Apr 26 21:41:32 2026
Read list of 839590 SNPs from /projects/b1213/resources/ldsc/1000G_EUR_Phase3_plink/1000G.EUR.QC.2.bim
Read 5 annotations for 839590 SNPs from ./custom_ldscores/caudate/caudate.2.annot.gz
Read list of 489 individuals from /projects/b1213/resources/ldsc/1000G_EUR_Phase3_plink/1000G.EUR.QC.2.fam
Reading genotypes from /projects/b1213/resources/ldsc/1000G_EUR_Phase3_plink/1000G.EUR.QC.2.bed
Estimating LD Score.
Reading list of 1217311 SNPs for which to print LD Scores from /projects/b1213/resources/ldsc/hm3_no_MHC.list.txt
After merging with --print-snps, LD Scores for 99735 SNPs will be printed.
Writing LD Scores for 99735 SNPs to ./custom_ldscores/caudate/caudate.2.l2.ldscore.gz

Summary of LD Scores in ./custom_ldscores/caudate/caudate.2.l2.ldscore.gz
         MAF  ANNOT_Q1L2  ANNOT_Q2L2  ANNOT_Q3L2  ANNOT_Q4L2  ANNOT_Q5L2
mean  0.2384      0.0364      0.0457      0.0778      0.0608      0.1123
std   0.1431      0.2123      0.2795      0.8473      0.3304      0.7174
min   0.0051     -0.0256     -0.0370     -0.1731     -0.0408     -0.0915
25%   0.1125      0.0000      0.0000      0.0000      0.0000      0.0000
50%   0.2290      0.0000      0.0000      0.0000      0.0000      0.0000
75%   0.3620      0.0016      0.0016      0.0050      0.0040      0.0231
max   0.5000      7.0531      6.9736     40.3189      7.1571     35.1332

MAF/LD Score Correlation Matrix
               MAF  ANNOT_Q1L2  ANNOT_Q2L2  ANNOT_Q3L2  ANNOT_Q4L2  ANNOT_Q5L2
MAF         1.0000      0.0260      0.0368      0.0320      0.0382      0.0145
ANNOT_Q1L2  0.0260      1.0000      0.2430      0.1781      0.2107      0.0454
ANNOT_Q2L2  0.0368      0.2430      1.0000      0.1822      0.3602      0.0643
ANNOT_Q3L2  0.0320      0.1781      0.1822      1.0000      0.2090      0.0659
ANNOT_Q4L2  0.0382      0.2107      0.3602      0.2090      1.0000      0.0852
ANNOT_Q5L2  0.0145      0.0454      0.0643      0.0659      0.0852      1.0000

LD Score Matrix Condition Number
4.355710181032696

Annotation Correlation Matrix
          ANNOT_Q1  ANNOT_Q2  ANNOT_Q3  ANNOT_Q4  ANNOT_Q5
ANNOT_Q1    1.0000   -0.0004   -0.0005   -0.0004   -0.0006
ANNOT_Q2   -0.0004    1.0000   -0.0005   -0.0005   -0.0006
ANNOT_Q3   -0.0005   -0.0005    1.0000   -0.0006   -0.0008
ANNOT_Q4   -0.0004   -0.0005   -0.0006    1.0000   -0.0007
ANNOT_Q5   -0.0006   -0.0006   -0.0008   -0.0007    1.0000

Annotation Matrix Column Sums
ANNOT_Q1    288
ANNOT_Q2    343
ANNOT_Q3    565
ANNOT_Q4    463
ANNOT_Q5    766

Summary of Annotation Matrix Row Sums
count    839590.0000
mean          0.0029
std           0.0537
min           0.0000
25%           0.0000
50%           0.0000
75%           0.0000
max           1.0000
Analysis finished at Sun Apr 26 21:45:37 2026
Total time elapsed: 4.0m:4.280000000000001s
