*********************************************************************
* LD Score Regression (LDSC)
* Version 1.0.1
* (C) 2014-2019 Brendan Bulik-Sullivan and Hilary Finucane
* Broad Institute of MIT and Harvard / MIT Department of Mathematics
* GNU General Public License v3
*********************************************************************
Call: 
./ldsc.py \
--out ./custom_ldscores/caudate/caudate.18 \
--bfile /projects/b1213/resources/ldsc/1000G_EUR_Phase3_plink/1000G.EUR.QC.18 \
--l2  \
--ld-wind-cm 1.0 \
--print-snps /projects/b1213/resources/ldsc/hm3_no_MHC.list.txt \
--annot ./custom_ldscores/caudate/caudate.18.annot.gz \
--thin-annot  

Beginning analysis at Sun Apr 26 21:42:30 2026
Read list of 285156 SNPs from /projects/b1213/resources/ldsc/1000G_EUR_Phase3_plink/1000G.EUR.QC.18.bim
Read 5 annotations for 285156 SNPs from ./custom_ldscores/caudate/caudate.18.annot.gz
Read list of 489 individuals from /projects/b1213/resources/ldsc/1000G_EUR_Phase3_plink/1000G.EUR.QC.18.fam
Reading genotypes from /projects/b1213/resources/ldsc/1000G_EUR_Phase3_plink/1000G.EUR.QC.18.bed
Estimating LD Score.
Reading list of 1217311 SNPs for which to print LD Scores from /projects/b1213/resources/ldsc/hm3_no_MHC.list.txt
After merging with --print-snps, LD Scores for 35513 SNPs will be printed.
Writing LD Scores for 35513 SNPs to ./custom_ldscores/caudate/caudate.18.l2.ldscore.gz

Summary of LD Scores in ./custom_ldscores/caudate/caudate.18.l2.ldscore.gz
         MAF  ANNOT_Q1L2  ANNOT_Q2L2  ANNOT_Q3L2  ANNOT_Q4L2  ANNOT_Q5L2
mean  0.2364      0.0284      0.0587      0.0535      0.0251      0.0767
std   0.1423      0.2145      0.4461      0.4711      0.1607      0.3727
min   0.0051     -0.0395     -0.0746     -0.0698     -0.0326     -0.0393
25%   0.1115      0.0000      0.0000      0.0000      0.0000      0.0000
50%   0.2260      0.0000      0.0000      0.0000      0.0000      0.0000
75%   0.3569      0.0000      0.0000      0.0000      0.0000      0.0118
max   0.5000      6.3035     12.6032     15.8120      4.3148      9.4717

MAF/LD Score Correlation Matrix
               MAF  ANNOT_Q1L2  ANNOT_Q2L2  ANNOT_Q3L2  ANNOT_Q4L2  ANNOT_Q5L2
MAF         1.0000      0.0358      0.0400      0.0375      0.0243      0.0368
ANNOT_Q1L2  0.0358      1.0000      0.7085      0.7834      0.0035      0.0673
ANNOT_Q2L2  0.0400      0.7085      1.0000      0.8223     -0.0006      0.0571
ANNOT_Q3L2  0.0375      0.7834      0.8223      1.0000      0.0134      0.0679
ANNOT_Q4L2  0.0243      0.0035     -0.0006      0.0134      1.0000     -0.0123
ANNOT_Q5L2  0.0368      0.0673      0.0571      0.0679     -0.0123      1.0000

LD Score Matrix Condition Number
5.199452980145827

Annotation Correlation Matrix
          ANNOT_Q1  ANNOT_Q2  ANNOT_Q3  ANNOT_Q4  ANNOT_Q5
ANNOT_Q1    1.0000   -0.0004   -0.0004   -0.0003   -0.0005
ANNOT_Q2   -0.0004    1.0000   -0.0005   -0.0004   -0.0006
ANNOT_Q3   -0.0004   -0.0005    1.0000   -0.0004   -0.0006
ANNOT_Q4   -0.0003   -0.0004   -0.0004    1.0000   -0.0006
ANNOT_Q5   -0.0005   -0.0006   -0.0006   -0.0006    1.0000

Annotation Matrix Column Sums
ANNOT_Q1     82
ANNOT_Q2    132
ANNOT_Q3    128
ANNOT_Q4    110
ANNOT_Q5    258

Summary of Annotation Matrix Row Sums
count    285156.0000
mean          0.0025
std           0.0498
min           0.0000
25%           0.0000
50%           0.0000
75%           0.0000
max           1.0000
Analysis finished at Sun Apr 26 21:43:40 2026
Total time elapsed: 1.0m:9.840000000000003s
