*********************************************************************
* LD Score Regression (LDSC)
* Version 1.0.1
* (C) 2014-2019 Brendan Bulik-Sullivan and Hilary Finucane
* Broad Institute of MIT and Harvard / MIT Department of Mathematics
* GNU General Public License v3
*********************************************************************
Call: 
./ldsc.py \
--out ./custom_ldscores/caudate/caudate.6 \
--bfile /projects/b1213/resources/ldsc/1000G_EUR_Phase3_plink/1000G.EUR.QC.6 \
--l2  \
--ld-wind-cm 1.0 \
--print-snps /projects/b1213/resources/ldsc/hm3_no_MHC.list.txt \
--annot ./custom_ldscores/caudate/caudate.6.annot.gz \
--thin-annot  

Beginning analysis at Sun Apr 26 21:42:30 2026
Read list of 664016 SNPs from /projects/b1213/resources/ldsc/1000G_EUR_Phase3_plink/1000G.EUR.QC.6.bim
Read 5 annotations for 664016 SNPs from ./custom_ldscores/caudate/caudate.6.annot.gz
Read list of 489 individuals from /projects/b1213/resources/ldsc/1000G_EUR_Phase3_plink/1000G.EUR.QC.6.fam
Reading genotypes from /projects/b1213/resources/ldsc/1000G_EUR_Phase3_plink/1000G.EUR.QC.6.bed
Estimating LD Score.
Reading list of 1217311 SNPs for which to print LD Scores from /projects/b1213/resources/ldsc/hm3_no_MHC.list.txt
After merging with --print-snps, LD Scores for 75358 SNPs will be printed.
Writing LD Scores for 75358 SNPs to ./custom_ldscores/caudate/caudate.6.l2.ldscore.gz

Summary of LD Scores in ./custom_ldscores/caudate/caudate.6.l2.ldscore.gz
         MAF  ANNOT_Q1L2  ANNOT_Q2L2  ANNOT_Q3L2  ANNOT_Q4L2  ANNOT_Q5L2
mean  0.2357      0.0671      0.0604      0.0849      0.1346      1.1101
std   0.1431      0.3786      0.3299      0.6249      0.7583     12.8041
min   0.0051     -0.0558     -0.0654     -0.2148     -0.1217     -0.7803
25%   0.1104      0.0000      0.0000      0.0000      0.0000      0.0000
50%   0.2249      0.0000      0.0000      0.0000      0.0000      0.0000
75%   0.3579      0.0022      0.0027      0.0000      0.0058      0.0260
max   0.5000      6.5505      6.1148     25.4100     21.1297    567.5405

MAF/LD Score Correlation Matrix
               MAF  ANNOT_Q1L2  ANNOT_Q2L2  ANNOT_Q3L2  ANNOT_Q4L2  ANNOT_Q5L2
MAF         1.0000     -0.0252     -0.0094      0.0036      0.0093     -0.0041
ANNOT_Q1L2 -0.0252      1.0000      0.6126      0.1952      0.5109      0.1374
ANNOT_Q2L2 -0.0094      0.6126      1.0000      0.4578      0.4930      0.3086
ANNOT_Q3L2  0.0036      0.1952      0.4578      1.0000      0.4541      0.5527
ANNOT_Q4L2  0.0093      0.5109      0.4930      0.4541      1.0000      0.2379
ANNOT_Q5L2 -0.0041      0.1374      0.3086      0.5527      0.2379      1.0000

LD Score Matrix Condition Number
63.99562650960408

Annotation Correlation Matrix
          ANNOT_Q1  ANNOT_Q2  ANNOT_Q3  ANNOT_Q4  ANNOT_Q5
ANNOT_Q1    1.0000   -0.0004   -0.0006   -0.0006   -0.0024
ANNOT_Q2   -0.0004    1.0000   -0.0006   -0.0006   -0.0023
ANNOT_Q3   -0.0006   -0.0006    1.0000   -0.0008   -0.0031
ANNOT_Q4   -0.0006   -0.0006   -0.0008    1.0000   -0.0031
ANNOT_Q5   -0.0024   -0.0023   -0.0031   -0.0031    1.0000

Annotation Matrix Column Sums
ANNOT_Q1     314
ANNOT_Q2     276
ANNOT_Q3     503
ANNOT_Q4     526
ANNOT_Q5    8075

Summary of Annotation Matrix Row Sums
count    664016.0000
mean          0.0146
std           0.1199
min           0.0000
25%           0.0000
50%           0.0000
75%           0.0000
max           1.0000
Analysis finished at Sun Apr 26 21:47:17 2026
Total time elapsed: 4.0m:46.910000000000025s
