*********************************************************************
* LD Score Regression (LDSC)
* Version 1.0.1
* (C) 2014-2019 Brendan Bulik-Sullivan and Hilary Finucane
* Broad Institute of MIT and Harvard / MIT Department of Mathematics
* GNU General Public License v3
*********************************************************************
Call: 
./ldsc.py \
--out ./custom_ldscores/caudate/caudate.9 \
--bfile /projects/b1213/resources/ldsc/1000G_EUR_Phase3_plink/1000G.EUR.QC.9 \
--l2  \
--ld-wind-cm 1.0 \
--print-snps /projects/b1213/resources/ldsc/hm3_no_MHC.list.txt \
--annot ./custom_ldscores/caudate/caudate.9.annot.gz \
--thin-annot  

Beginning analysis at Sun Apr 26 21:42:30 2026
Read list of 438106 SNPs from /projects/b1213/resources/ldsc/1000G_EUR_Phase3_plink/1000G.EUR.QC.9.bim
Read 5 annotations for 438106 SNPs from ./custom_ldscores/caudate/caudate.9.annot.gz
Read list of 489 individuals from /projects/b1213/resources/ldsc/1000G_EUR_Phase3_plink/1000G.EUR.QC.9.fam
Reading genotypes from /projects/b1213/resources/ldsc/1000G_EUR_Phase3_plink/1000G.EUR.QC.9.bed
Estimating LD Score.
Reading list of 1217311 SNPs for which to print LD Scores from /projects/b1213/resources/ldsc/hm3_no_MHC.list.txt
After merging with --print-snps, LD Scores for 55464 SNPs will be printed.
Writing LD Scores for 55464 SNPs to ./custom_ldscores/caudate/caudate.9.l2.ldscore.gz

Summary of LD Scores in ./custom_ldscores/caudate/caudate.9.l2.ldscore.gz
         MAF  ANNOT_Q1L2  ANNOT_Q2L2  ANNOT_Q3L2  ANNOT_Q4L2  ANNOT_Q5L2
mean  0.2359  3.8467e-02      0.0443      0.0355      0.0439      0.0734
std   0.1423  2.1680e-01      0.2951      0.2150      0.2156      0.5037
min   0.0051 -2.6333e-02     -0.0514     -0.0396     -0.0222     -0.0471
25%   0.1115  0.0000e+00      0.0000      0.0000      0.0000      0.0000
50%   0.2249  0.0000e+00      0.0000      0.0000      0.0000      0.0000
75%   0.3569  4.9777e-05      0.0004      0.0000      0.0030      0.0037
max   0.5000  7.8738e+00     10.5643      7.0023      5.5866     13.4649

MAF/LD Score Correlation Matrix
               MAF  ANNOT_Q1L2  ANNOT_Q2L2  ANNOT_Q3L2  ANNOT_Q4L2  ANNOT_Q5L2
MAF         1.0000      0.0242     -0.0105      0.0034      0.0348      0.0252
ANNOT_Q1L2  0.0242      1.0000      0.1392      0.1895      0.0709     -0.0067
ANNOT_Q2L2 -0.0105      0.1392      1.0000      0.1585      0.0218     -0.0015
ANNOT_Q3L2  0.0034      0.1895      0.1585      1.0000      0.0857      0.0115
ANNOT_Q4L2  0.0348      0.0709      0.0218      0.0857      1.0000      0.0007
ANNOT_Q5L2  0.0252     -0.0067     -0.0015      0.0115      0.0007      1.0000

LD Score Matrix Condition Number
2.623389713160367

Annotation Correlation Matrix
          ANNOT_Q1  ANNOT_Q2  ANNOT_Q3  ANNOT_Q4  ANNOT_Q5
ANNOT_Q1    1.0000   -0.0004   -0.0004   -0.0004   -0.0005
ANNOT_Q2   -0.0004    1.0000   -0.0004   -0.0005   -0.0006
ANNOT_Q3   -0.0004   -0.0004    1.0000   -0.0004   -0.0005
ANNOT_Q4   -0.0004   -0.0005   -0.0004    1.0000   -0.0005
ANNOT_Q5   -0.0005   -0.0006   -0.0005   -0.0005    1.0000

Annotation Matrix Column Sums
ANNOT_Q1    166
ANNOT_Q2    217
ANNOT_Q3    171
ANNOT_Q4    198
ANNOT_Q5    283

Summary of Annotation Matrix Row Sums
count    438106.0000
mean          0.0024
std           0.0485
min           0.0000
25%           0.0000
50%           0.0000
75%           0.0000
max           1.0000
Analysis finished at Sun Apr 26 21:44:19 2026
Total time elapsed: 1.0m:49.120000000000005s
