*********************************************************************
* LD Score Regression (LDSC)
* Version 1.0.1
* (C) 2014-2019 Brendan Bulik-Sullivan and Hilary Finucane
* Broad Institute of MIT and Harvard / MIT Department of Mathematics
* GNU General Public License v3
*********************************************************************
Call: 
./ldsc.py \
--out ./custom_ldscores/hippocampus/hippocampus.13 \
--bfile /projects/b1213/resources/ldsc/1000G_EUR_Phase3_plink/1000G.EUR.QC.13 \
--l2  \
--ld-wind-cm 1.0 \
--print-snps /projects/b1213/resources/ldsc/hm3_no_MHC.list.txt \
--annot ./custom_ldscores/hippocampus/hippocampus.13.annot.gz \
--thin-annot  

Beginning analysis at Sun Apr 26 21:46:21 2026
Read list of 366200 SNPs from /projects/b1213/resources/ldsc/1000G_EUR_Phase3_plink/1000G.EUR.QC.13.bim
Read 5 annotations for 366200 SNPs from ./custom_ldscores/hippocampus/hippocampus.13.annot.gz
Read list of 489 individuals from /projects/b1213/resources/ldsc/1000G_EUR_Phase3_plink/1000G.EUR.QC.13.fam
Reading genotypes from /projects/b1213/resources/ldsc/1000G_EUR_Phase3_plink/1000G.EUR.QC.13.bed
Estimating LD Score.
Reading list of 1217311 SNPs for which to print LD Scores from /projects/b1213/resources/ldsc/hm3_no_MHC.list.txt
After merging with --print-snps, LD Scores for 45546 SNPs will be printed.
Writing LD Scores for 45546 SNPs to ./custom_ldscores/hippocampus/hippocampus.13.l2.ldscore.gz

Summary of LD Scores in ./custom_ldscores/hippocampus/hippocampus.13.l2.ldscore.gz
         MAF  ANNOT_Q1L2  ANNOT_Q2L2  ANNOT_Q3L2  ANNOT_Q4L2  ANNOT_Q5L2
mean  0.2338      0.0511      0.0525      0.0433      0.0206      0.0720
std   0.1428      0.3233      0.3197      0.2505      0.1555      0.4656
min   0.0051     -0.0348     -0.0458     -0.0301     -0.0446     -0.0456
25%   0.1074      0.0000      0.0000      0.0000      0.0000      0.0000
50%   0.2209      0.0000      0.0000      0.0000      0.0000      0.0000
75%   0.3548      0.0006      0.0027      0.0016      0.0000      0.0109
max   0.5000      7.3626      6.0155      5.1582     12.1649     12.2145

MAF/LD Score Correlation Matrix
               MAF  ANNOT_Q1L2  ANNOT_Q2L2  ANNOT_Q3L2  ANNOT_Q4L2  ANNOT_Q5L2
MAF         1.0000      0.0323      0.0205      0.0318      0.0115     -0.0121
ANNOT_Q1L2  0.0323      1.0000      0.2718      0.5758      0.1703      0.0236
ANNOT_Q2L2  0.0205      0.2718      1.0000      0.2016      0.1611      0.0395
ANNOT_Q3L2  0.0318      0.5758      0.2016      1.0000      0.1657      0.0005
ANNOT_Q4L2  0.0115      0.1703      0.1611      0.1657      1.0000      0.0008
ANNOT_Q5L2 -0.0121      0.0236      0.0395      0.0005      0.0008      1.0000

LD Score Matrix Condition Number
3.133841972236837

Annotation Correlation Matrix
          ANNOT_Q1  ANNOT_Q2  ANNOT_Q3  ANNOT_Q4  ANNOT_Q5
ANNOT_Q1    1.0000   -0.0005   -0.0004   -0.0004   -0.0006
ANNOT_Q2   -0.0005    1.0000   -0.0004   -0.0004   -0.0006
ANNOT_Q3   -0.0004   -0.0004    1.0000   -0.0004   -0.0006
ANNOT_Q4   -0.0004   -0.0004   -0.0004    1.0000   -0.0005
ANNOT_Q5   -0.0006   -0.0006   -0.0006   -0.0005    1.0000

Annotation Matrix Column Sums
ANNOT_Q1    170
ANNOT_Q2    164
ANNOT_Q3    154
ANNOT_Q4    110
ANNOT_Q5    284

Summary of Annotation Matrix Row Sums
count    366200.0000
mean          0.0024
std           0.0490
min           0.0000
25%           0.0000
50%           0.0000
75%           0.0000
max           1.0000
Analysis finished at Sun Apr 26 21:48:13 2026
Total time elapsed: 1.0m:52.099999999999994s
