*********************************************************************
* LD Score Regression (LDSC)
* Version 1.0.1
* (C) 2014-2019 Brendan Bulik-Sullivan and Hilary Finucane
* Broad Institute of MIT and Harvard / MIT Department of Mathematics
* GNU General Public License v3
*********************************************************************
Call: 
./ldsc.py \
--out ./custom_ldscores/hippocampus/hippocampus.7 \
--bfile /projects/b1213/resources/ldsc/1000G_EUR_Phase3_plink/1000G.EUR.QC.7 \
--l2  \
--ld-wind-cm 1.0 \
--print-snps /projects/b1213/resources/ldsc/hm3_no_MHC.list.txt \
--annot ./custom_ldscores/hippocampus/hippocampus.7.annot.gz \
--thin-annot  

Beginning analysis at Sun Apr 26 21:49:02 2026
Read list of 589569 SNPs from /projects/b1213/resources/ldsc/1000G_EUR_Phase3_plink/1000G.EUR.QC.7.bim
Read 5 annotations for 589569 SNPs from ./custom_ldscores/hippocampus/hippocampus.7.annot.gz
Read list of 489 individuals from /projects/b1213/resources/ldsc/1000G_EUR_Phase3_plink/1000G.EUR.QC.7.fam
Reading genotypes from /projects/b1213/resources/ldsc/1000G_EUR_Phase3_plink/1000G.EUR.QC.7.bed
Estimating LD Score.
Reading list of 1217311 SNPs for which to print LD Scores from /projects/b1213/resources/ldsc/hm3_no_MHC.list.txt
After merging with --print-snps, LD Scores for 66171 SNPs will be printed.
Writing LD Scores for 66171 SNPs to ./custom_ldscores/hippocampus/hippocampus.7.l2.ldscore.gz

Summary of LD Scores in ./custom_ldscores/hippocampus/hippocampus.7.l2.ldscore.gz
         MAF  ANNOT_Q1L2  ANNOT_Q2L2  ANNOT_Q3L2  ANNOT_Q4L2  ANNOT_Q5L2
mean  0.2390      0.0593      0.0498      0.0444      0.0359      0.0738
std   0.1428      0.4045      0.3069      0.2219      0.2013      0.3423
min   0.0051     -0.0442     -0.0455     -0.0308     -0.0391     -0.0322
25%   0.1125      0.0000      0.0000      0.0000      0.0000      0.0000
50%   0.2301      0.0000      0.0000      0.0000      0.0000      0.0000
75%   0.3609      0.0068      0.0054      0.0056      0.0040      0.0128
max   0.5000     10.9325     10.7682      5.1982      8.1598      8.9581

MAF/LD Score Correlation Matrix
               MAF  ANNOT_Q1L2  ANNOT_Q2L2  ANNOT_Q3L2  ANNOT_Q4L2  ANNOT_Q5L2
MAF         1.0000      0.0039      0.0127      0.0242      0.0053      0.0266
ANNOT_Q1L2  0.0039      1.0000      0.1257      0.0438      0.0930      0.0061
ANNOT_Q2L2  0.0127      0.1257      1.0000      0.0162      0.0829      0.0052
ANNOT_Q3L2  0.0242      0.0438      0.0162      1.0000      0.0802      0.1057
ANNOT_Q4L2  0.0053      0.0930      0.0829      0.0802      1.0000      0.0175
ANNOT_Q5L2  0.0266      0.0061      0.0052      0.1057      0.0175      1.0000

LD Score Matrix Condition Number
2.116792610663911

Annotation Correlation Matrix
          ANNOT_Q1  ANNOT_Q2  ANNOT_Q3  ANNOT_Q4  ANNOT_Q5
ANNOT_Q1    1.0000   -0.0005   -0.0005   -0.0005   -0.0006
ANNOT_Q2   -0.0005    1.0000   -0.0004   -0.0004   -0.0005
ANNOT_Q3   -0.0005   -0.0004    1.0000   -0.0004   -0.0005
ANNOT_Q4   -0.0005   -0.0004   -0.0004    1.0000   -0.0005
ANNOT_Q5   -0.0006   -0.0005   -0.0005   -0.0005    1.0000

Annotation Matrix Column Sums
ANNOT_Q1    307
ANNOT_Q2    263
ANNOT_Q3    265
ANNOT_Q4    236
ANNOT_Q5    347

Summary of Annotation Matrix Row Sums
count    589569.0000
mean          0.0024
std           0.0490
min           0.0000
25%           0.0000
50%           0.0000
75%           0.0000
max           1.0000
Analysis finished at Sun Apr 26 21:52:20 2026
Total time elapsed: 3.0m:18.24000000000001s
