*********************************************************************
* LD Score Regression (LDSC)
* Version 1.0.1
* (C) 2014-2019 Brendan Bulik-Sullivan and Hilary Finucane
* Broad Institute of MIT and Harvard / MIT Department of Mathematics
* GNU General Public License v3
*********************************************************************
Call: 
./ldsc.py \
--out ./custom_ldscores/hippocampus/hippocampus.2 \
--bfile /projects/b1213/resources/ldsc/1000G_EUR_Phase3_plink/1000G.EUR.QC.2 \
--l2  \
--ld-wind-cm 1.0 \
--print-snps /projects/b1213/resources/ldsc/hm3_no_MHC.list.txt \
--annot ./custom_ldscores/hippocampus/hippocampus.2.annot.gz \
--thin-annot  

Beginning analysis at Sun Apr 26 21:49:45 2026
Read list of 839590 SNPs from /projects/b1213/resources/ldsc/1000G_EUR_Phase3_plink/1000G.EUR.QC.2.bim
Read 5 annotations for 839590 SNPs from ./custom_ldscores/hippocampus/hippocampus.2.annot.gz
Read list of 489 individuals from /projects/b1213/resources/ldsc/1000G_EUR_Phase3_plink/1000G.EUR.QC.2.fam
Reading genotypes from /projects/b1213/resources/ldsc/1000G_EUR_Phase3_plink/1000G.EUR.QC.2.bed
Estimating LD Score.
Reading list of 1217311 SNPs for which to print LD Scores from /projects/b1213/resources/ldsc/hm3_no_MHC.list.txt
After merging with --print-snps, LD Scores for 99735 SNPs will be printed.
Writing LD Scores for 99735 SNPs to ./custom_ldscores/hippocampus/hippocampus.2.l2.ldscore.gz

Summary of LD Scores in ./custom_ldscores/hippocampus/hippocampus.2.l2.ldscore.gz
         MAF  ANNOT_Q1L2  ANNOT_Q2L2  ANNOT_Q3L2  ANNOT_Q4L2  ANNOT_Q5L2
mean  0.2384      0.0457      0.0431      0.0581      0.0514      0.0696
std   0.1431      0.2598      0.3518      0.4329      0.4113      0.3773
min   0.0051     -0.0419     -0.0655     -0.0526     -0.0903     -0.0550
25%   0.1125      0.0000      0.0000      0.0000      0.0000      0.0000
50%   0.2290      0.0000      0.0000      0.0000      0.0000      0.0000
75%   0.3620      0.0052      0.0016      0.0051      0.0050      0.0107
max   0.5000      9.6990     16.7105     17.8678     27.5158     14.9448

MAF/LD Score Correlation Matrix
               MAF  ANNOT_Q1L2  ANNOT_Q2L2  ANNOT_Q3L2  ANNOT_Q4L2  ANNOT_Q5L2
MAF         1.0000      0.0393      0.0332      0.0184      0.0321      0.0471
ANNOT_Q1L2  0.0393      1.0000      0.0567      0.4127      0.0152      0.1209
ANNOT_Q2L2  0.0332      0.0567      1.0000      0.0204      0.5148      0.0588
ANNOT_Q3L2  0.0184      0.4127      0.0204      1.0000      0.0142      0.1963
ANNOT_Q4L2  0.0321      0.0152      0.5148      0.0142      1.0000      0.0433
ANNOT_Q5L2  0.0471      0.1209      0.0588      0.1963      0.0433      1.0000

LD Score Matrix Condition Number
2.1733105490145617

Annotation Correlation Matrix
          ANNOT_Q1  ANNOT_Q2  ANNOT_Q3  ANNOT_Q4  ANNOT_Q5
ANNOT_Q1    1.0000   -0.0004   -0.0005   -0.0005   -0.0005
ANNOT_Q2   -0.0004    1.0000   -0.0004   -0.0004   -0.0005
ANNOT_Q3   -0.0005   -0.0004    1.0000   -0.0005   -0.0005
ANNOT_Q4   -0.0005   -0.0004   -0.0005    1.0000   -0.0005
ANNOT_Q5   -0.0005   -0.0005   -0.0005   -0.0005    1.0000

Annotation Matrix Column Sums
ANNOT_Q1    384
ANNOT_Q2    327
ANNOT_Q3    392
ANNOT_Q4    381
ANNOT_Q5    496

Summary of Annotation Matrix Row Sums
count    839590.0000
mean          0.0024
std           0.0485
min           0.0000
25%           0.0000
50%           0.0000
75%           0.0000
max           1.0000
Analysis finished at Sun Apr 26 21:53:44 2026
Total time elapsed: 3.0m:58.599999999999994s
