*********************************************************************
* LD Score Regression (LDSC)
* Version 1.0.1
* (C) 2014-2019 Brendan Bulik-Sullivan and Hilary Finucane
* Broad Institute of MIT and Harvard / MIT Department of Mathematics
* GNU General Public License v3
*********************************************************************
Call: 
./ldsc.py \
--out ./custom_ldscores/hippocampus/hippocampus.6 \
--bfile /projects/b1213/resources/ldsc/1000G_EUR_Phase3_plink/1000G.EUR.QC.6 \
--l2  \
--ld-wind-cm 1.0 \
--print-snps /projects/b1213/resources/ldsc/hm3_no_MHC.list.txt \
--annot ./custom_ldscores/hippocampus/hippocampus.6.annot.gz \
--thin-annot  

Beginning analysis at Sun Apr 26 21:51:53 2026
Read list of 664016 SNPs from /projects/b1213/resources/ldsc/1000G_EUR_Phase3_plink/1000G.EUR.QC.6.bim
Read 5 annotations for 664016 SNPs from ./custom_ldscores/hippocampus/hippocampus.6.annot.gz
Read list of 489 individuals from /projects/b1213/resources/ldsc/1000G_EUR_Phase3_plink/1000G.EUR.QC.6.fam
Reading genotypes from /projects/b1213/resources/ldsc/1000G_EUR_Phase3_plink/1000G.EUR.QC.6.bed
Estimating LD Score.
Reading list of 1217311 SNPs for which to print LD Scores from /projects/b1213/resources/ldsc/hm3_no_MHC.list.txt
After merging with --print-snps, LD Scores for 75358 SNPs will be printed.
Writing LD Scores for 75358 SNPs to ./custom_ldscores/hippocampus/hippocampus.6.l2.ldscore.gz

Summary of LD Scores in ./custom_ldscores/hippocampus/hippocampus.6.l2.ldscore.gz
         MAF  ANNOT_Q1L2  ANNOT_Q2L2  ANNOT_Q3L2  ANNOT_Q4L2  ANNOT_Q5L2
mean  0.2357      0.1009      0.0517      0.0705      0.0638      0.5885
std   0.1431      0.6787      0.3093      0.3829      0.3812      5.7339
min   0.0051     -0.1153     -0.0586     -0.0671     -0.1139     -1.1599
25%   0.1104      0.0000      0.0000      0.0000      0.0000      0.0000
50%   0.2249      0.0000      0.0000      0.0000      0.0000      0.0000
75%   0.3579      0.0027      0.0027      0.0042      0.0014      0.0053
max   0.5000     19.3817     12.7967     10.6859     17.7711    199.7563

MAF/LD Score Correlation Matrix
               MAF  ANNOT_Q1L2  ANNOT_Q2L2  ANNOT_Q3L2  ANNOT_Q4L2  ANNOT_Q5L2
MAF         1.0000     -0.0138      0.0103     -0.0012      0.0049     -0.0098
ANNOT_Q1L2 -0.0138      1.0000      0.5024      0.6249      0.3357      0.3500
ANNOT_Q2L2  0.0103      0.5024      1.0000      0.6260      0.2766      0.1176
ANNOT_Q3L2 -0.0012      0.6249      0.6260      1.0000      0.2738      0.1687
ANNOT_Q4L2  0.0049      0.3357      0.2766      0.2738      1.0000      0.5385
ANNOT_Q5L2 -0.0098      0.3500      0.1176      0.1687      0.5385      1.0000

LD Score Matrix Condition Number
28.189787763850674

Annotation Correlation Matrix
          ANNOT_Q1  ANNOT_Q2  ANNOT_Q3  ANNOT_Q4  ANNOT_Q5
ANNOT_Q1    1.0000   -0.0005   -0.0006   -0.0006   -0.0020
ANNOT_Q2   -0.0005    1.0000   -0.0004   -0.0004   -0.0015
ANNOT_Q3   -0.0006   -0.0004    1.0000   -0.0005   -0.0018
ANNOT_Q4   -0.0006   -0.0004   -0.0005    1.0000   -0.0019
ANNOT_Q5   -0.0020   -0.0015   -0.0018   -0.0019    1.0000

Annotation Matrix Column Sums
ANNOT_Q1     406
ANNOT_Q2     224
ANNOT_Q3     338
ANNOT_Q4     367
ANNOT_Q5    4405

Summary of Annotation Matrix Row Sums
count    664016.0000
mean          0.0086
std           0.0926
min           0.0000
25%           0.0000
50%           0.0000
75%           0.0000
max           1.0000
Analysis finished at Sun Apr 26 21:56:26 2026
Total time elapsed: 4.0m:33.26999999999998s
