*********************************************************************
* LD Score Regression (LDSC)
* Version 1.0.1
* (C) 2014-2019 Brendan Bulik-Sullivan and Hilary Finucane
* Broad Institute of MIT and Harvard / MIT Department of Mathematics
* GNU General Public License v3
*********************************************************************
Call: 
./ldsc.py \
--out ./custom_ldscores/hippocampus/hippocampus.18 \
--bfile /projects/b1213/resources/ldsc/1000G_EUR_Phase3_plink/1000G.EUR.QC.18 \
--l2  \
--ld-wind-cm 1.0 \
--print-snps /projects/b1213/resources/ldsc/hm3_no_MHC.list.txt \
--annot ./custom_ldscores/hippocampus/hippocampus.18.annot.gz \
--thin-annot  

Beginning analysis at Sun Apr 26 21:44:51 2026
Read list of 285156 SNPs from /projects/b1213/resources/ldsc/1000G_EUR_Phase3_plink/1000G.EUR.QC.18.bim
Read 5 annotations for 285156 SNPs from ./custom_ldscores/hippocampus/hippocampus.18.annot.gz
Read list of 489 individuals from /projects/b1213/resources/ldsc/1000G_EUR_Phase3_plink/1000G.EUR.QC.18.fam
Reading genotypes from /projects/b1213/resources/ldsc/1000G_EUR_Phase3_plink/1000G.EUR.QC.18.bed
Estimating LD Score.
Reading list of 1217311 SNPs for which to print LD Scores from /projects/b1213/resources/ldsc/hm3_no_MHC.list.txt
After merging with --print-snps, LD Scores for 35513 SNPs will be printed.
Writing LD Scores for 35513 SNPs to ./custom_ldscores/hippocampus/hippocampus.18.l2.ldscore.gz

Summary of LD Scores in ./custom_ldscores/hippocampus/hippocampus.18.l2.ldscore.gz
         MAF  ANNOT_Q1L2  ANNOT_Q2L2  ANNOT_Q3L2  ANNOT_Q4L2  ANNOT_Q5L2
mean  0.2364      0.0583      0.0419      0.0598      0.0361      0.0641
std   0.1423      0.5804      0.2943      0.3322      0.2203      0.3619
min   0.0051     -0.0872     -0.0454     -0.0401     -0.0293     -0.0418
25%   0.1115      0.0000      0.0000      0.0000      0.0000      0.0000
50%   0.2260      0.0000      0.0000      0.0000      0.0000      0.0000
75%   0.3569      0.0000      0.0000      0.0030      0.0000      0.0014
max   0.5000     17.8662      7.9153      7.7653      5.1154      9.4801

MAF/LD Score Correlation Matrix
               MAF  ANNOT_Q1L2  ANNOT_Q2L2  ANNOT_Q3L2  ANNOT_Q4L2  ANNOT_Q5L2
MAF         1.0000      0.0183      0.0049      0.0195      0.0551      0.0185
ANNOT_Q1L2  0.0183      1.0000      0.7632      0.6699     -0.0147      0.0780
ANNOT_Q2L2  0.0049      0.7632      1.0000      0.5196     -0.0163      0.0346
ANNOT_Q3L2  0.0195      0.6699      0.5196      1.0000      0.0520      0.0058
ANNOT_Q4L2  0.0551     -0.0147     -0.0163      0.0520      1.0000      0.0348
ANNOT_Q5L2  0.0185      0.0780      0.0346      0.0058      0.0348      1.0000

LD Score Matrix Condition Number
3.8632039692811646

Annotation Correlation Matrix
          ANNOT_Q1  ANNOT_Q2  ANNOT_Q3  ANNOT_Q4  ANNOT_Q5
ANNOT_Q1    1.0000   -0.0005   -0.0005   -0.0005   -0.0006
ANNOT_Q2   -0.0005    1.0000   -0.0005   -0.0004   -0.0005
ANNOT_Q3   -0.0005   -0.0005    1.0000   -0.0005   -0.0006
ANNOT_Q4   -0.0005   -0.0004   -0.0005    1.0000   -0.0005
ANNOT_Q5   -0.0006   -0.0005   -0.0006   -0.0005    1.0000

Annotation Matrix Column Sums
ANNOT_Q1    146
ANNOT_Q2    114
ANNOT_Q3    148
ANNOT_Q4    114
ANNOT_Q5    215

Summary of Annotation Matrix Row Sums
count    285156.0000
mean          0.0026
std           0.0508
min           0.0000
25%           0.0000
50%           0.0000
75%           0.0000
max           1.0000
Analysis finished at Sun Apr 26 21:46:00 2026
Total time elapsed: 1.0m:9.590000000000003s
