*********************************************************************
* LD Score Regression (LDSC)
* Version 1.0.1
* (C) 2014-2019 Brendan Bulik-Sullivan and Hilary Finucane
* Broad Institute of MIT and Harvard / MIT Department of Mathematics
* GNU General Public License v3
*********************************************************************
Call: 
./ldsc.py \
--out ./custom_ldscores/hippocampus/hippocampus.21 \
--bfile /projects/b1213/resources/ldsc/1000G_EUR_Phase3_plink/1000G.EUR.QC.21 \
--l2  \
--ld-wind-cm 1.0 \
--print-snps /projects/b1213/resources/ldsc/hm3_no_MHC.list.txt \
--annot ./custom_ldscores/hippocampus/hippocampus.21.annot.gz \
--thin-annot  

Beginning analysis at Sun Apr 26 21:43:26 2026
Read list of 138712 SNPs from /projects/b1213/resources/ldsc/1000G_EUR_Phase3_plink/1000G.EUR.QC.21.bim
Read 5 annotations for 138712 SNPs from ./custom_ldscores/hippocampus/hippocampus.21.annot.gz
Read list of 489 individuals from /projects/b1213/resources/ldsc/1000G_EUR_Phase3_plink/1000G.EUR.QC.21.fam
Reading genotypes from /projects/b1213/resources/ldsc/1000G_EUR_Phase3_plink/1000G.EUR.QC.21.bed
Estimating LD Score.
Reading list of 1217311 SNPs for which to print LD Scores from /projects/b1213/resources/ldsc/hm3_no_MHC.list.txt
After merging with --print-snps, LD Scores for 17040 SNPs will be printed.
Writing LD Scores for 17040 SNPs to ./custom_ldscores/hippocampus/hippocampus.21.l2.ldscore.gz

Summary of LD Scores in ./custom_ldscores/hippocampus/hippocampus.21.l2.ldscore.gz
         MAF  ANNOT_Q1L2  ANNOT_Q2L2  ANNOT_Q3L2  ANNOT_Q4L2  ANNOT_Q5L2
mean  0.2420      0.0137      0.0230      0.0298      0.0066      0.0383
std   0.1414      0.1170      0.1577      0.1878      0.0722      0.2336
min   0.0051     -0.0236     -0.0191     -0.0219     -0.0103     -0.0615
25%   0.1186      0.0000      0.0000      0.0000      0.0000      0.0000
50%   0.2321      0.0000      0.0000      0.0000      0.0000      0.0000
75%   0.3650      0.0000      0.0000      0.0000      0.0000      0.0000
max   0.5000      2.8920      3.2007      3.9061      2.7509      5.8452

MAF/LD Score Correlation Matrix
               MAF  ANNOT_Q1L2  ANNOT_Q2L2  ANNOT_Q3L2  ANNOT_Q4L2  ANNOT_Q5L2
MAF         1.0000      0.0076      0.0234      0.0016      0.0463      0.0378
ANNOT_Q1L2  0.0076      1.0000      0.0871     -0.0029      0.0039     -0.0184
ANNOT_Q2L2  0.0234      0.0871      1.0000     -0.0090      0.0070      0.0025
ANNOT_Q3L2  0.0016     -0.0029     -0.0090      1.0000      0.0162     -0.0121
ANNOT_Q4L2  0.0463      0.0039      0.0070      0.0162      1.0000     -0.0077
ANNOT_Q5L2  0.0378     -0.0184      0.0025     -0.0121     -0.0077      1.0000

LD Score Matrix Condition Number
3.2721327968215284

Annotation Correlation Matrix
          ANNOT_Q1  ANNOT_Q2  ANNOT_Q3  ANNOT_Q4  ANNOT_Q5
ANNOT_Q1    1.0000   -0.0003   -0.0003   -0.0002   -0.0004
ANNOT_Q2   -0.0003    1.0000   -0.0004   -0.0002   -0.0005
ANNOT_Q3   -0.0003   -0.0004    1.0000   -0.0002   -0.0005
ANNOT_Q4   -0.0002   -0.0002   -0.0002    1.0000   -0.0003
ANNOT_Q5   -0.0004   -0.0005   -0.0005   -0.0003    1.0000

Annotation Matrix Column Sums
ANNOT_Q1     32
ANNOT_Q2     51
ANNOT_Q3     55
ANNOT_Q4     14
ANNOT_Q5    102

Summary of Annotation Matrix Row Sums
count    138712.0000
mean          0.0018
std           0.0428
min           0.0000
25%           0.0000
50%           0.0000
75%           0.0000
max           1.0000
Analysis finished at Sun Apr 26 21:43:53 2026
Total time elapsed: 26.81s
