*********************************************************************
* LD Score Regression (LDSC)
* Version 1.0.1
* (C) 2014-2019 Brendan Bulik-Sullivan and Hilary Finucane
* Broad Institute of MIT and Harvard / MIT Department of Mathematics
* GNU General Public License v3
*********************************************************************
Call: 
./ldsc.py \
--out ./custom_ldscores/hippocampus/hippocampus.22 \
--bfile /projects/b1213/resources/ldsc/1000G_EUR_Phase3_plink/1000G.EUR.QC.22 \
--l2  \
--ld-wind-cm 1.0 \
--print-snps /projects/b1213/resources/ldsc/hm3_no_MHC.list.txt \
--annot ./custom_ldscores/hippocampus/hippocampus.22.annot.gz \
--thin-annot  

Beginning analysis at Sun Apr 26 21:43:46 2026
Read list of 141123 SNPs from /projects/b1213/resources/ldsc/1000G_EUR_Phase3_plink/1000G.EUR.QC.22.bim
Read 5 annotations for 141123 SNPs from ./custom_ldscores/hippocampus/hippocampus.22.annot.gz
Read list of 489 individuals from /projects/b1213/resources/ldsc/1000G_EUR_Phase3_plink/1000G.EUR.QC.22.fam
Reading genotypes from /projects/b1213/resources/ldsc/1000G_EUR_Phase3_plink/1000G.EUR.QC.22.bed
Estimating LD Score.
Reading list of 1217311 SNPs for which to print LD Scores from /projects/b1213/resources/ldsc/hm3_no_MHC.list.txt
After merging with --print-snps, LD Scores for 17489 SNPs will be printed.
Writing LD Scores for 17489 SNPs to ./custom_ldscores/hippocampus/hippocampus.22.l2.ldscore.gz

Summary of LD Scores in ./custom_ldscores/hippocampus/hippocampus.22.l2.ldscore.gz
         MAF  ANNOT_Q1L2  ANNOT_Q2L2  ANNOT_Q3L2  ANNOT_Q4L2  ANNOT_Q5L2
mean  0.2366      0.1095  4.7289e-02      0.0954      0.0333      0.1069
std   0.1435      0.6998  2.0812e-01      0.4359      0.1833      0.4743
min   0.0051     -0.1158 -1.9421e-02     -0.0608     -0.0182     -0.0442
25%   0.1094      0.0000 -7.3331e-05      0.0000      0.0000      0.0000
50%   0.2280      0.0000  0.0000e+00      0.0000      0.0000      0.0000
75%   0.3579      0.0121  1.0114e-02      0.0240      0.0015      0.0287
max   0.5000     18.3357  4.7680e+00     13.0897      3.1857      9.9678

MAF/LD Score Correlation Matrix
               MAF  ANNOT_Q1L2  ANNOT_Q2L2  ANNOT_Q3L2  ANNOT_Q4L2  ANNOT_Q5L2
MAF         1.0000      0.0344      0.0541      0.0435      0.0672      0.0398
ANNOT_Q1L2  0.0344      1.0000     -0.0210      0.1084      0.1238      0.0456
ANNOT_Q2L2  0.0541     -0.0210      1.0000      0.0220      0.0327     -0.0041
ANNOT_Q3L2  0.0435      0.1084      0.0220      1.0000     -0.0136      0.0377
ANNOT_Q4L2  0.0672      0.1238      0.0327     -0.0136      1.0000      0.0343
ANNOT_Q5L2  0.0398      0.0456     -0.0041      0.0377      0.0343      1.0000

LD Score Matrix Condition Number
3.9277737064867084

Annotation Correlation Matrix
          ANNOT_Q1  ANNOT_Q2  ANNOT_Q3  ANNOT_Q4  ANNOT_Q5
ANNOT_Q1    1.0000   -0.0009   -0.0013   -0.0008   -0.0012
ANNOT_Q2   -0.0009    1.0000   -0.0009   -0.0005   -0.0008
ANNOT_Q3   -0.0013   -0.0009    1.0000   -0.0007   -0.0012
ANNOT_Q4   -0.0008   -0.0005   -0.0007    1.0000   -0.0007
ANNOT_Q5   -0.0012   -0.0008   -0.0012   -0.0007    1.0000

Annotation Matrix Column Sums
ANNOT_Q1    190
ANNOT_Q2     86
ANNOT_Q3    171
ANNOT_Q4     62
ANNOT_Q5    163

Summary of Annotation Matrix Row Sums
count    141123.0000
mean          0.0048
std           0.0688
min           0.0000
25%           0.0000
50%           0.0000
75%           0.0000
max           1.0000
Analysis finished at Sun Apr 26 21:44:20 2026
Total time elapsed: 34.33s
